2025-02-11T02:26:54.203213+00:00 sonic systemd-modules-load[369]: Inserted module 'psample'
2025-02-11T02:26:54.203685+00:00 sonic systemd-modules-load[369]: Inserted module 'act_sample'
2025-02-11T02:26:54.203699+00:00 sonic systemd-sysctl[380]: Couldn't write '1' to 'kernel/panic_on_stackoverflow', ignoring: No such file or directory
2025-02-11T02:26:54.203706+00:00 sonic networking[367]: networking: Configuring network interfaces
2025-02-11T02:26:54.203576+00:00 sonic kernel: [    0.000000] Linux version 6.1.0-22-2-amd64 (debian-kernel@lists.debian.org) (gcc-12 (Debian 12.2.0-14) 12.2.0, GNU ld (GNU Binutils for Debian) 2.40) #1 SMP PREEMPT_DYNAMIC Debian 6.1.94-1 (2024-06-21)
2025-02-11T02:26:54.203714+00:00 sonic systemd[1]: Reached target network-pre.target - Preparation for Network.
2025-02-11T02:26:54.203720+00:00 sonic systemd[1]: Reached target network.target - Network.
2025-02-11T02:26:54.203726+00:00 sonic systemd[1]: Reached target network-online.target - Network is Online.
2025-02-11T02:26:54.203731+00:00 sonic apparmor.systemd[391]: Restarting AppArmor
2025-02-11T02:26:54.203737+00:00 sonic kernel: [    0.000000] Command line: BOOT_IMAGE=/image-master.766266-3fe020a9c/boot/vmlinuz-6.1.0-22-2-amd64 root=UUID=626c0729-4837-4b36-974f-e1c965706113 rw console=tty0 console=ttyS0,115200n8 quiet processor.max_cstate=1 intel_idle.max_cstate=0 sonic_fips=1 net.ifnames=0 biosdevname=0 loop=image-master.766266-3fe020a9c/fs.squashfs loopfstype=squashfs systemd.unified_cgroup_hierarchy=0 apparmor=1 security=apparmor varlog_size=4096 usbcore.autosuspend=-1 swiotlb=65536
2025-02-11T02:26:54.203740+00:00 sonic kernel: [    0.000000] BIOS-provided physical RAM map:
2025-02-11T02:26:54.203740+00:00 sonic kernel: [    0.000000] BIOS-e820: [mem 0x0000000000000000-0x000000000009fbff] usable
2025-02-11T02:26:54.203741+00:00 sonic kernel: [    0.000000] BIOS-e820: [mem 0x000000000009fc00-0x000000000009ffff] reserved
2025-02-11T02:26:54.203741+00:00 sonic kernel: [    0.000000] BIOS-e820: [mem 0x00000000000f0000-0x00000000000fffff] reserved
2025-02-11T02:26:54.203742+00:00 sonic kernel: [    0.000000] BIOS-e820: [mem 0x0000000000100000-0x000000007ffdafff] usable
2025-02-11T02:26:54.203740+00:00 sonic apparmor.systemd[391]: Reloading AppArmor profiles
2025-02-11T02:26:54.203744+00:00 sonic kernel: [    0.000000] BIOS-e820: [mem 0x000000007ffdb000-0x000000007fffffff] reserved
2025-02-11T02:26:54.203746+00:00 sonic kernel: [    0.000000] BIOS-e820: [mem 0x00000000b0000000-0x00000000bfffffff] reserved
2025-02-11T02:26:54.203747+00:00 sonic kernel: [    0.000000] BIOS-e820: [mem 0x00000000fed1c000-0x00000000fed1ffff] reserved
2025-02-11T02:26:54.203747+00:00 sonic kernel: [    0.000000] BIOS-e820: [mem 0x00000000feffc000-0x00000000feffffff] reserved
2025-02-11T02:26:54.203213+00:00 sonic systemd-modules-load[369]: Inserted module 'psample'
2025-02-11T02:26:54.203685+00:00 sonic systemd-modules-load[369]: Inserted module 'act_sample'
2025-02-11T02:26:54.203699+00:00 sonic systemd-sysctl[380]: Couldn't write '1' to 'kernel/panic_on_stackoverflow', ignoring: No such file or directory
2025-02-11T02:26:54.203706+00:00 sonic networking[367]: networking: Configuring network interfaces
2025-02-11T02:26:54.203576+00:00 sonic kernel: [    0.000000] Linux version 6.1.0-22-2-amd64 (debian-kernel@lists.debian.org) (gcc-12 (Debian 12.2.0-14) 12.2.0, GNU ld (GNU Binutils for Debian) 2.40) #1 SMP PREEMPT_DYNAMIC Debian 6.1.94-1 (2024-06-21)
2025-02-11T02:26:54.203714+00:00 sonic systemd[1]: Reached target network-pre.target - Preparation for Network.
2025-02-11T02:26:54.203720+00:00 sonic systemd[1]: Reached target network.target - Network.
2025-02-11T02:26:54.203726+00:00 sonic systemd[1]: Reached target network-online.target - Network is Online.
2025-02-11T02:26:54.203731+00:00 sonic apparmor.systemd[391]: Restarting AppArmor
2025-02-11T02:26:54.203737+00:00 sonic kernel: [    0.000000] Command line: BOOT_IMAGE=/image-master.766266-3fe020a9c/boot/vmlinuz-6.1.0-22-2-amd64 root=UUID=626c0729-4837-4b36-974f-e1c965706113 rw console=tty0 console=ttyS0,115200n8 quiet processor.max_cstate=1 intel_idle.max_cstate=0 sonic_fips=1 net.ifnames=0 biosdevname=0 loop=image-master.766266-3fe020a9c/fs.squashfs loopfstype=squashfs systemd.unified_cgroup_hierarchy=0 apparmor=1 security=apparmor varlog_size=4096 usbcore.autosuspend=-1 swiotlb=65536
2025-02-11T02:26:54.203740+00:00 sonic kernel: [    0.000000] BIOS-provided physical RAM map:
2025-02-11T02:26:54.203740+00:00 sonic kernel: [    0.000000] BIOS-e820: [mem 0x0000000000000000-0x000000000009fbff] usable
2025-02-11T02:26:54.203741+00:00 sonic kernel: [    0.000000] BIOS-e820: [mem 0x000000000009fc00-0x000000000009ffff] reserved
2025-02-11T02:26:54.203741+00:00 sonic kernel: [    0.000000] BIOS-e820: [mem 0x00000000000f0000-0x00000000000fffff] reserved
2025-02-11T02:26:54.203742+00:00 sonic kernel: [    0.000000] BIOS-e820: [mem 0x0000000000100000-0x000000007ffdafff] usable
2025-02-11T02:26:54.203740+00:00 sonic apparmor.systemd[391]: Reloading AppArmor profiles
2025-02-11T02:26:54.203744+00:00 sonic kernel: [    0.000000] BIOS-e820: [mem 0x000000007ffdb000-0x000000007fffffff] reserved
2025-02-11T02:26:54.203746+00:00 sonic kernel: [    0.000000] BIOS-e820: [mem 0x00000000b0000000-0x00000000bfffffff] reserved
2025-02-11T02:26:54.203747+00:00 sonic kernel: [    0.000000] BIOS-e820: [mem 0x00000000fed1c000-0x00000000fed1ffff] reserved
2025-02-11T02:26:54.203747+00:00 sonic kernel: [    0.000000] BIOS-e820: [mem 0x00000000feffc000-0x00000000feffffff] reserved
2025-02-11T02:26:54.203748+00:00 sonic netfilter-persistent[398]: run-parts: executing /usr/share/netfilter-persistent/plugins.d/15-ip4tables start
2025-02-11T02:26:54.203754+00:00 sonic netfilter-persistent[398]: run-parts: executing /usr/share/netfilter-persistent/plugins.d/25-ip6tables start
2025-02-11T02:26:54.203748+00:00 sonic kernel: [    0.000000] BIOS-e820: [mem 0x00000000fffc0000-0x00000000ffffffff] reserved
2025-02-11T02:26:54.203761+00:00 sonic systemd[1]: Starting systemd-journal-flush.service - Flush Journal to Persistent Storage...
2025-02-11T02:26:54.203763+00:00 sonic kernel: [    0.000000] BIOS-e820: [mem 0x0000000100000000-0x000000025cdfffff] usable
2025-02-11T02:26:54.203768+00:00 sonic kernel: [    0.000000] NX (Execute Disable) protection: active
2025-02-11T02:26:54.203768+00:00 sonic kernel: [    0.000000] SMBIOS 2.8 present.
2025-02-11T02:26:54.203768+00:00 sonic kernel: [    0.000000] DMI: QEMU Standard PC (Q35 + ICH9, 2009), BIOS 1.15.0-1 04/01/2014
2025-02-11T02:26:54.203769+00:00 sonic kernel: [    0.000000] Hypervisor detected: KVM
2025-02-11T02:26:54.203769+00:00 sonic kernel: [    0.000000] kvm-clock: Using msrs 4b564d01 and 4b564d00
2025-02-11T02:26:54.203770+00:00 sonic kernel: [    0.000002] kvm-clock: using sched offset of 3972612634 cycles
2025-02-11T02:26:54.203768+00:00 sonic systemd-udevd[395]: Using default interface naming scheme 'v252'.
2025-02-11T02:26:54.203772+00:00 sonic kernel: [    0.000004] clocksource: kvm-clock: mask: 0xffffffffffffffff max_cycles: 0x1cd42e4dffb, max_idle_ns: 881590591483 ns
2025-02-11T02:26:54.203773+00:00 sonic kernel: [    0.000007] tsc: Detected 2793.438 MHz processor
2025-02-11T02:26:54.203773+00:00 sonic kernel: [    0.000584] e820: update [mem 0x00000000-0x00000fff] usable ==> reserved
2025-02-11T02:26:54.203774+00:00 sonic kernel: [    0.000587] e820: remove [mem 0x000a0000-0x000fffff] usable
2025-02-11T02:26:54.203774+00:00 sonic kernel: [    0.000593] last_pfn = 0x25ce00 max_arch_pfn = 0x400000000
2025-02-11T02:26:54.203774+00:00 sonic kernel: [    0.000765] x86/PAT: PAT support disabled because CONFIG_X86_PAT is disabled in the kernel.
2025-02-11T02:26:54.203775+00:00 sonic kernel: [    0.000787] x86/PAT: Configuration [0-7]: WB  WT  UC- UC  WB  WT  UC- UC  
2025-02-11T02:26:54.203777+00:00 sonic kernel: [    0.000794] last_pfn = 0x7ffdb max_arch_pfn = 0x400000000
2025-02-11T02:26:54.203777+00:00 sonic kernel: [    0.012117] found SMP MP-table at [mem 0x000f5b90-0x000f5b9f]
2025-02-11T02:26:54.203778+00:00 sonic kernel: [    0.012236] Using GB pages for direct mapping
2025-02-11T02:26:54.203778+00:00 sonic kernel: [    0.012628] RAMDISK: [mem 0x34123000-0x36088fff]
2025-02-11T02:26:54.203778+00:00 sonic kernel: [    0.012651] ACPI: Early table checksum verification disabled
2025-02-11T02:26:54.203779+00:00 sonic kernel: [    0.012670] ACPI: RSDP 0x00000000000F59C0 000014 (v00 BOCHS )
2025-02-11T02:26:54.203775+00:00 sonic systemd[1]: Finished systemd-journal-flush.service - Flush Journal to Persistent Storage.
2025-02-11T02:26:54.203781+00:00 sonic kernel: [    0.012693] ACPI: RSDT 0x000000007FFE3220 000038 (v01 BOCHS  BXPC     00000001 BXPC 00000001)
2025-02-11T02:26:54.203781+00:00 sonic kernel: [    0.012699] ACPI: FACP 0x000000007FFE2FD0 0000F4 (v03 BOCHS  BXPC     00000001 BXPC 00000001)
2025-02-11T02:26:54.203782+00:00 sonic kernel: [    0.012718] ACPI: DSDT 0x000000007FFE0040 002F90 (v01 BOCHS  BXPC     00000001 BXPC 00000001)
2025-02-11T02:26:54.203782+00:00 sonic kernel: [    0.012722] ACPI: FACS 0x000000007FFE0000 000040
2025-02-11T02:26:54.203783+00:00 sonic kernel: [    0.012726] ACPI: APIC 0x000000007FFE30C4 0000C0 (v01 BOCHS  BXPC     00000001 BXPC 00000001)
2025-02-11T02:26:54.203783+00:00 sonic kernel: [    0.012730] ACPI: HPET 0x000000007FFE3184 000038 (v01 BOCHS  BXPC     00000001 BXPC 00000001)
2025-02-11T02:26:54.203785+00:00 sonic kernel: [    0.012735] ACPI: MCFG 0x000000007FFE31BC 00003C (v01 BOCHS  BXPC     00000001 BXPC 00000001)
2025-02-11T02:26:54.203785+00:00 sonic kernel: [    0.012739] ACPI: WAET 0x000000007FFE31F8 000028 (v01 BOCHS  BXPC     00000001 BXPC 00000001)
2025-02-11T02:26:54.203786+00:00 sonic kernel: [    0.012742] ACPI: Reserving FACP table memory at [mem 0x7ffe2fd0-0x7ffe30c3]
2025-02-11T02:26:54.203786+00:00 sonic kernel: [    0.012744] ACPI: Reserving DSDT table memory at [mem 0x7ffe0040-0x7ffe2fcf]
2025-02-11T02:26:54.203786+00:00 sonic kernel: [    0.012745] ACPI: Reserving FACS table memory at [mem 0x7ffe0000-0x7ffe003f]
2025-02-11T02:26:54.203787+00:00 sonic kernel: [    0.012745] ACPI: Reserving APIC table memory at [mem 0x7ffe30c4-0x7ffe3183]
2025-02-11T02:26:54.203787+00:00 sonic kernel: [    0.012746] ACPI: Reserving HPET table memory at [mem 0x7ffe3184-0x7ffe31bb]
2025-02-11T02:26:54.203784+00:00 sonic systemd[1]: Starting systemd-tmpfiles-setup.service - Create System Files and Directories...
2025-02-11T02:26:54.203789+00:00 sonic kernel: [    0.012747] ACPI: Reserving MCFG table memory at [mem 0x7ffe31bc-0x7ffe31f7]
2025-02-11T02:26:54.203790+00:00 sonic kernel: [    0.012748] ACPI: Reserving WAET table memory at [mem 0x7ffe31f8-0x7ffe321f]
2025-02-11T02:26:54.203790+00:00 sonic kernel: [    0.013817] No NUMA configuration found
2025-02-11T02:26:54.203790+00:00 sonic kernel: [    0.013818] Faking a node at [mem 0x0000000000000000-0x000000025cdfffff]
2025-02-11T02:26:54.203791+00:00 sonic kernel: [    0.013826] NODE_DATA(0) allocated [mem 0x25cdd5000-0x25cdfffff]
2025-02-11T02:26:54.203791+00:00 sonic kernel: [    0.014517] Zone ranges:
2025-02-11T02:26:54.203790+00:00 sonic systemd[1]: Started systemd-udevd.service - Rule-based Manager for Device Events and Files.
2025-02-11T02:26:54.203797+00:00 sonic kernel: [    0.014518]   DMA      [mem 0x0000000000001000-0x0000000000ffffff]
2025-02-11T02:26:54.203798+00:00 sonic kernel: [    0.014521]   DMA32    [mem 0x0000000001000000-0x00000000ffffffff]
2025-02-11T02:26:54.203798+00:00 sonic kernel: [    0.014522]   Normal   [mem 0x0000000100000000-0x000000025cdfffff]
2025-02-11T02:26:54.203799+00:00 sonic kernel: [    0.014524]   Device   empty
2025-02-11T02:26:54.203797+00:00 sonic systemd[1]: Finished systemd-tmpfiles-setup.service - Create System Files and Directories.
2025-02-11T02:26:54.203800+00:00 sonic kernel: [    0.014525] Movable zone start for each node
2025-02-11T02:26:54.203800+00:00 sonic kernel: [    0.014528] Early memory node ranges
2025-02-11T02:26:54.203801+00:00 sonic kernel: [    0.014529]   node   0: [mem 0x0000000000001000-0x000000000009efff]
2025-02-11T02:26:54.203804+00:00 sonic kernel: [    0.014530]   node   0: [mem 0x0000000000100000-0x000000007ffdafff]
2025-02-11T02:26:54.203803+00:00 sonic systemd[1]: Starting auditd.service - Security Auditing Service...
2025-02-11T02:26:54.203805+00:00 sonic kernel: [    0.014531]   node   0: [mem 0x0000000100000000-0x000000025cdfffff]
2025-02-11T02:26:54.203808+00:00 sonic kernel: [    0.014533] Initmem setup node 0 [mem 0x0000000000001000-0x000000025cdfffff]
2025-02-11T02:26:54.203809+00:00 sonic kernel: [    0.014929] On node 0, zone DMA: 1 pages in unavailable ranges
2025-02-11T02:26:54.203809+00:00 sonic kernel: [    0.014958] On node 0, zone DMA: 97 pages in unavailable ranges
2025-02-11T02:26:54.203810+00:00 sonic kernel: [    0.025649] On node 0, zone Normal: 37 pages in unavailable ranges
2025-02-11T02:26:54.203813+00:00 sonic kernel: [    0.026166] On node 0, zone Normal: 12800 pages in unavailable ranges
2025-02-11T02:26:54.203814+00:00 sonic kernel: [    0.031935] ACPI: PM-Timer IO Port: 0x608
2025-02-11T02:26:54.203814+00:00 sonic kernel: [    0.031961] ACPI: LAPIC_NMI (acpi_id[0xff] dfl dfl lint[0x1])
2025-02-11T02:26:54.203809+00:00 sonic systemd[1]: Starting modprobe@dm_mod.service - Load Kernel Module dm_mod...
2025-02-11T02:26:54.203815+00:00 sonic kernel: [    0.032065] IOAPIC[0]: apic_id 0, version 17, address 0xfec00000, GSI 0-23
2025-02-11T02:26:54.203815+00:00 sonic kernel: [    0.032070] ACPI: INT_SRC_OVR (bus 0 bus_irq 0 global_irq 2 dfl dfl)
2025-02-11T02:26:54.203816+00:00 sonic kernel: [    0.032072] ACPI: INT_SRC_OVR (bus 0 bus_irq 5 global_irq 5 high level)
2025-02-11T02:26:54.203819+00:00 sonic kernel: [    0.032074] ACPI: INT_SRC_OVR (bus 0 bus_irq 9 global_irq 9 high level)
2025-02-11T02:26:54.203820+00:00 sonic kernel: [    0.032075] ACPI: INT_SRC_OVR (bus 0 bus_irq 10 global_irq 10 high level)
2025-02-11T02:26:54.203818+00:00 sonic systemd[1]: Starting modprobe@efi_pstore.service - Load Kernel Module efi_pstore...
2025-02-11T02:26:54.203820+00:00 sonic kernel: [    0.032077] ACPI: INT_SRC_OVR (bus 0 bus_irq 11 global_irq 11 high level)
2025-02-11T02:26:54.203823+00:00 sonic kernel: [    0.032082] ACPI: Using ACPI (MADT) for SMP configuration information
2025-02-11T02:26:54.203824+00:00 sonic kernel: [    0.032084] ACPI: HPET id: 0x8086a201 base: 0xfed00000
2025-02-11T02:26:54.203825+00:00 sonic kernel: [    0.032089] TSC deadline timer available
2025-02-11T02:26:54.203826+00:00 sonic kernel: [    0.032101] smpboot: Allowing 10 CPUs, 0 hotplug CPUs
2025-02-11T02:26:54.203826+00:00 sonic systemd[1]: Starting modprobe@loop.service - Load Kernel Module loop...
2025-02-11T02:26:54.203828+00:00 sonic kernel: [    0.032147] PM: hibernation: Registered nosave memory: [mem 0x00000000-0x00000fff]
2025-02-11T02:26:54.203830+00:00 sonic kernel: [    0.032149] PM: hibernation: Registered nosave memory: [mem 0x0009f000-0x0009ffff]
2025-02-11T02:26:54.203831+00:00 sonic kernel: [    0.032150] PM: hibernation: Registered nosave memory: [mem 0x000a0000-0x000effff]
2025-02-11T02:26:54.203832+00:00 sonic kernel: [    0.032151] PM: hibernation: Registered nosave memory: [mem 0x000f0000-0x000fffff]
2025-02-11T02:26:54.203832+00:00 sonic kernel: [    0.032152] PM: hibernation: Registered nosave memory: [mem 0x7ffdb000-0x7fffffff]
2025-02-11T02:26:54.203833+00:00 sonic kernel: [    0.032153] PM: hibernation: Registered nosave memory: [mem 0x80000000-0xafffffff]
2025-02-11T02:26:54.203832+00:00 sonic systemd[1]: systemd-firstboot.service - First Boot Wizard was skipped because of an unmet condition check (ConditionFirstBoot=yes).
2025-02-11T02:26:54.203836+00:00 sonic kernel: [    0.032154] PM: hibernation: Registered nosave memory: [mem 0xb0000000-0xbfffffff]
2025-02-11T02:26:54.203837+00:00 sonic kernel: [    0.032155] PM: hibernation: Registered nosave memory: [mem 0xc0000000-0xfed1bfff]
2025-02-11T02:26:54.203838+00:00 sonic kernel: [    0.032156] PM: hibernation: Registered nosave memory: [mem 0xfed1c000-0xfed1ffff]
2025-02-11T02:26:54.203839+00:00 sonic kernel: [    0.032156] PM: hibernation: Registered nosave memory: [mem 0xfed20000-0xfeffbfff]
2025-02-11T02:26:54.203839+00:00 sonic kernel: [    0.032157] PM: hibernation: Registered nosave memory: [mem 0xfeffc000-0xfeffffff]
2025-02-11T02:26:54.203840+00:00 sonic kernel: [    0.032157] PM: hibernation: Registered nosave memory: [mem 0xff000000-0xfffbffff]
2025-02-11T02:26:54.203838+00:00 sonic systemd[1]: first-boot-complete.target - First Boot Complete was skipped because of an unmet condition check (ConditionFirstBoot=yes).
2025-02-11T02:26:54.203841+00:00 sonic kernel: [    0.032158] PM: hibernation: Registered nosave memory: [mem 0xfffc0000-0xffffffff]
2025-02-11T02:26:54.203844+00:00 sonic kernel: [    0.032160] [mem 0xc0000000-0xfed1bfff] available for PCI devices
2025-02-11T02:26:54.203844+00:00 sonic kernel: [    0.032161] Booting paravirtualized kernel on KVM
2025-02-11T02:26:54.203845+00:00 sonic kernel: [    0.032164] clocksource: refined-jiffies: mask: 0xffffffff max_cycles: 0xffffffff, max_idle_ns: 7645519600211568 ns
2025-02-11T02:26:54.203846+00:00 sonic kernel: [    0.037819] setup_percpu: NR_CPUS:8192 nr_cpumask_bits:10 nr_cpu_ids:10 nr_node_ids:1
2025-02-11T02:26:54.203846+00:00 sonic kernel: [    0.039328] percpu: Embedded 57 pages/cpu s192744 r8192 d32536 u524288
2025-02-11T02:26:54.203847+00:00 sonic kernel: [    0.039334] pcpu-alloc: s192744 r8192 d32536 u524288 alloc=1*2097152
2025-02-11T02:26:54.203845+00:00 sonic systemd[1]: systemd-machine-id-commit.service - Commit a transient machine-id on disk was skipped because of an unmet condition check (ConditionPathIsMountPoint=/etc/machine-id).
2025-02-11T02:26:54.203879+00:00 sonic kernel: [    0.039337] pcpu-alloc: [0] 00 01 02 03 [0] 04 05 06 07 
2025-02-11T02:26:54.203881+00:00 sonic kernel: [    0.039343] pcpu-alloc: [0] 08 09 -- -- 
2025-02-11T02:26:54.203882+00:00 sonic kernel: [    0.039409] kvm-guest: PV spinlocks disabled, no host support
2025-02-11T02:26:54.203882+00:00 sonic kernel: [    0.039413] Fallback order for Node 0: 0 
2025-02-11T02:26:54.203878+00:00 sonic systemd[1]: modprobe@dm_mod.service: Deactivated successfully.
2025-02-11T02:26:54.203911+00:00 sonic systemd[1]: Finished modprobe@dm_mod.service - Load Kernel Module dm_mod.
2025-02-11T02:26:54.203918+00:00 sonic systemd[1]: modprobe@efi_pstore.service: Deactivated successfully.
2025-02-11T02:26:54.203923+00:00 sonic systemd[1]: Finished modprobe@efi_pstore.service - Load Kernel Module efi_pstore.
2025-02-11T02:26:54.203928+00:00 sonic systemd[1]: modprobe@loop.service: Deactivated successfully.
2025-02-11T02:26:54.204409+00:00 sonic kernel: [    0.039416] Built 1 zonelists, mobility grouping on.  Total pages: 1922467
2025-02-11T02:26:54.204715+00:00 sonic kernel: [    0.039417] Policy zone: Normal
2025-02-11T02:26:54.204724+00:00 sonic kernel: [    0.039419] Kernel command line: BOOT_IMAGE=/image-master.766266-3fe020a9c/boot/vmlinuz-6.1.0-22-2-amd64 root=UUID=626c0729-4837-4b36-974f-e1c965706113 rw console=tty0 console=ttyS0,115200n8 quiet processor.max_cstate=1 intel_idle.max_cstate=0 sonic_fips=1 net.ifnames=0 biosdevname=0 loop=image-master.766266-3fe020a9c/fs.squashfs loopfstype=squashfs systemd.unified_cgroup_hierarchy=0 apparmor=1 security=apparmor varlog_size=4096 usbcore.autosuspend=-1 swiotlb=65536
2025-02-11T02:26:54.203934+00:00 sonic systemd[1]: Finished modprobe@loop.service - Load Kernel Module loop.
2025-02-11T02:26:54.204774+00:00 sonic kernel: [    0.039596] Unknown kernel command line parameters "BOOT_IMAGE=/image-master.766266-3fe020a9c/boot/vmlinuz-6.1.0-22-2-amd64 sonic_fips=1 biosdevname=0 loop=image-master.766266-3fe020a9c/fs.squashfs loopfstype=squashfs varlog_size=4096", will be passed to user space.
2025-02-11T02:26:54.204776+00:00 sonic kernel: [    0.039607] random: crng init done
2025-02-11T02:26:54.204777+00:00 sonic kernel: [    0.041387] Dentry cache hash table entries: 1048576 (order: 11, 8388608 bytes, linear)
2025-02-11T02:26:54.204778+00:00 sonic kernel: [    0.042327] Inode-cache hash table entries: 524288 (order: 10, 4194304 bytes, linear)
2025-02-11T02:26:54.204797+00:00 sonic kernel: [    0.042577] mem auto-init: stack:all(zero), heap alloc:on, heap free:off
2025-02-11T02:26:54.204798+00:00 sonic kernel: [    0.042582] software IO TLB: area num 16.
2025-02-11T02:26:54.204798+00:00 sonic kernel: [    0.091102] Memory: 2063568K/7812580K available (14342K kernel code, 5473K rwdata, 9156K rodata, 2780K init, 16276K bss, 358452K reserved, 0K cma-reserved)
2025-02-11T02:26:54.204799+00:00 sonic kernel: [    0.091221] SLUB: HWalign=64, Order=0-3, MinObjects=0, CPUs=10, Nodes=1
2025-02-11T02:26:54.204799+00:00 sonic kernel: [    0.091233] Kernel/User page tables isolation: enabled
2025-02-11T02:26:54.204799+00:00 sonic kernel: [    0.091263] ftrace: allocating 40790 entries in 160 pages
2025-02-11T02:26:54.204802+00:00 sonic kernel: [    0.099219] ftrace: allocated 160 pages with 2 groups
2025-02-11T02:26:54.204802+00:00 sonic kernel: [    0.100056] Dynamic Preempt: voluntary
2025-02-11T02:26:54.204802+00:00 sonic kernel: [    0.100539] rcu: Preemptible hierarchical RCU implementation.
2025-02-11T02:26:54.204803+00:00 sonic kernel: [    0.100540] rcu: 	RCU restricting CPUs from NR_CPUS=8192 to nr_cpu_ids=10.
2025-02-11T02:26:54.204803+00:00 sonic kernel: [    0.100542] 	Trampoline variant of Tasks RCU enabled.
2025-02-11T02:26:54.204803+00:00 sonic kernel: [    0.100543] 	Rude variant of Tasks RCU enabled.
2025-02-11T02:26:54.204804+00:00 sonic kernel: [    0.100543] 	Tracing variant of Tasks RCU enabled.
2025-02-11T02:26:54.204806+00:00 sonic kernel: [    0.100544] rcu: RCU calculated value of scheduler-enlistment delay is 25 jiffies.
2025-02-11T02:26:54.204779+00:00 sonic systemd[1]: Found device dev-ttyS0.device - /dev/ttyS0.
2025-02-11T02:26:54.204817+00:00 sonic kernel: [    0.100545] rcu: Adjusting geometry for rcu_fanout_leaf=16, nr_cpu_ids=10
2025-02-11T02:26:54.204818+00:00 sonic kernel: [    0.104852] NR_IRQS: 524544, nr_irqs: 504, preallocated irqs: 16
2025-02-11T02:26:54.204818+00:00 sonic kernel: [    0.105091] rcu: srcu_init: Setting srcu_struct sizes based on contention.
2025-02-11T02:26:54.204819+00:00 sonic kernel: [    0.107669] Console: colour VGA+ 80x25
2025-02-11T02:26:54.204819+00:00 sonic kernel: [    0.107683] printk: console [tty0] enabled
2025-02-11T02:26:54.204822+00:00 sonic kernel: [    0.107803] printk: console [ttyS0] enabled
2025-02-11T02:26:54.204822+00:00 sonic kernel: [    0.107821] ACPI: Core revision 20220331
2025-02-11T02:26:54.204823+00:00 sonic kernel: [    0.108179] clocksource: hpet: mask: 0xffffffff max_cycles: 0xffffffff, max_idle_ns: 19112604467 ns
2025-02-11T02:26:54.204823+00:00 sonic kernel: [    0.108460] APIC: Switch to symmetric I/O mode setup
2025-02-11T02:26:54.204824+00:00 sonic kernel: [    0.109303] x2apic enabled
2025-02-11T02:26:54.204824+00:00 sonic kernel: [    0.110165] Switched APIC routing to physical x2apic.
2025-02-11T02:26:54.204825+00:00 sonic kernel: [    0.114022] ..TIMER: vector=0x30 apic1=0 pin1=2 apic2=-1 pin2=-1
2025-02-11T02:26:54.204827+00:00 sonic kernel: [    0.114099] clocksource: tsc-early: mask: 0xffffffffffffffff max_cycles: 0x284409db922, max_idle_ns: 440795228871 ns
2025-02-11T02:26:54.204828+00:00 sonic kernel: [    0.114105] Calibrating delay loop (skipped) preset value.. 5586.87 BogoMIPS (lpj=11173752)
2025-02-11T02:26:54.204828+00:00 sonic kernel: [    0.114685] x86/cpu: User Mode Instruction Prevention (UMIP) activated
2025-02-11T02:26:54.204828+00:00 sonic kernel: [    0.114976] Last level iTLB entries: 4KB 0, 2MB 0, 4MB 0
2025-02-11T02:26:54.204829+00:00 sonic kernel: [    0.114977] Last level dTLB entries: 4KB 0, 2MB 0, 4MB 0, 1GB 0
2025-02-11T02:26:54.204829+00:00 sonic kernel: [    0.114991] Spectre V1 : Mitigation: usercopy/swapgs barriers and __user pointer sanitization
2025-02-11T02:26:54.204812+00:00 sonic systemd[1]: systemd-pstore.service - Platform Persistent Storage Archival was skipped because of an unmet condition check (ConditionDirectoryNotEmpty=/sys/fs/pstore).
2025-02-11T02:26:54.204833+00:00 sonic kernel: [    0.114996] Spectre V2 : Mitigation: Retpolines
2025-02-11T02:26:54.204834+00:00 sonic kernel: [    0.114997] Spectre V2 : Spectre v2 / SpectreRSB mitigation: Filling RSB on context switch
2025-02-11T02:26:54.204834+00:00 sonic kernel: [    0.114998] Spectre V2 : Spectre v2 / SpectreRSB : Filling RSB on VMEXIT
2025-02-11T02:26:54.204834+00:00 sonic kernel: [    0.114999] Speculative Store Bypass: Vulnerable
2025-02-11T02:26:54.204835+00:00 sonic kernel: [    0.115004] MDS: Mitigation: Clear CPU buffers
2025-02-11T02:26:54.204835+00:00 sonic kernel: [    0.115005] TAA: Mitigation: Clear CPU buffers
2025-02-11T02:26:54.204834+00:00 sonic systemd[1]: systemd-repart.service - Repartition Root Disk was skipped because no trigger condition checks were met.
2025-02-11T02:26:54.204848+00:00 sonic kernel: [    0.115006] MMIO Stale Data: Vulnerable: Clear CPU buffers attempted, no microcode
2025-02-11T02:26:54.204849+00:00 sonic kernel: [    0.115007] Register File Data Sampling: Vulnerable: No microcode
2025-02-11T02:26:54.204865+00:00 sonic kernel: [    0.115113] x86/fpu: Supporting XSAVE feature 0x001: 'x87 floating point registers'
2025-02-11T02:26:54.204866+00:00 sonic kernel: [    0.115115] x86/fpu: Supporting XSAVE feature 0x002: 'SSE registers'
2025-02-11T02:26:54.204867+00:00 sonic kernel: [    0.115116] x86/fpu: Supporting XSAVE feature 0x004: 'AVX registers'
2025-02-11T02:26:54.204867+00:00 sonic kernel: [    0.115116] x86/fpu: Supporting XSAVE feature 0x020: 'AVX-512 opmask'
2025-02-11T02:26:54.204867+00:00 sonic kernel: [    0.115118] x86/fpu: Supporting XSAVE feature 0x040: 'AVX-512 Hi256'
2025-02-11T02:26:54.204871+00:00 sonic kernel: [    0.115118] x86/fpu: Supporting XSAVE feature 0x080: 'AVX-512 ZMM_Hi256'
2025-02-11T02:26:54.204871+00:00 sonic kernel: [    0.115120] x86/fpu: xstate_offset[2]:  576, xstate_sizes[2]:  256
2025-02-11T02:26:54.204871+00:00 sonic kernel: [    0.115121] x86/fpu: xstate_offset[5]:  832, xstate_sizes[5]:   64
2025-02-11T02:26:54.204872+00:00 sonic kernel: [    0.115122] x86/fpu: xstate_offset[6]:  896, xstate_sizes[6]:  512
2025-02-11T02:26:54.204872+00:00 sonic kernel: [    0.115123] x86/fpu: xstate_offset[7]: 1408, xstate_sizes[7]: 1024
2025-02-11T02:26:54.204872+00:00 sonic kernel: [    0.115125] x86/fpu: Enabled xstate features 0xe7, context size is 2432 bytes, using 'compacted' format.
2025-02-11T02:26:54.204875+00:00 sonic kernel: [    0.132190] Freeing SMP alternatives memory: 36K
2025-02-11T02:26:54.204876+00:00 sonic kernel: [    0.132194] pid_max: default: 32768 minimum: 301
2025-02-11T02:26:54.204841+00:00 sonic (udev-worker)[422]: Network interface NamePolicy= disabled on kernel command line.
2025-02-11T02:26:54.204894+00:00 sonic kernel: [    0.132220] LSM: Security Framework initializing
2025-02-11T02:26:54.204895+00:00 sonic kernel: [    0.132233] landlock: Up and running.
2025-02-11T02:26:54.204895+00:00 sonic kernel: [    0.132234] Yama: disabled by default; enable with sysctl kernel.yama.*
2025-02-11T02:26:54.204895+00:00 sonic kernel: [    0.132258] AppArmor: AppArmor initialized
2025-02-11T02:26:54.204893+00:00 sonic (udev-worker)[427]: Network interface NamePolicy= disabled on kernel command line.
2025-02-11T02:26:54.204898+00:00 sonic kernel: [    0.132262] LSM support for eBPF active
2025-02-11T02:26:54.204899+00:00 sonic kernel: [    0.132643] Mount-cache hash table entries: 16384 (order: 5, 131072 bytes, linear)
2025-02-11T02:26:54.204900+00:00 sonic kernel: [    0.132650] Mountpoint-cache hash table entries: 16384 (order: 5, 131072 bytes, linear)
2025-02-11T02:26:54.204900+00:00 sonic kernel: [    0.133097] smpboot: CPU0: Intel Xeon Processor (Icelake) (family: 0x6, model: 0x86, stepping: 0x0)
2025-02-11T02:26:54.204900+00:00 sonic kernel: [    0.133201] cblist_init_generic: Setting adjustable number of callback queues.
2025-02-11T02:26:54.204901+00:00 sonic kernel: [    0.133203] cblist_init_generic: Setting shift to 4 and lim to 1.
2025-02-11T02:26:54.204903+00:00 sonic kernel: [    0.133215] cblist_init_generic: Setting adjustable number of callback queues.
2025-02-11T02:26:54.204903+00:00 sonic kernel: [    0.133216] cblist_init_generic: Setting shift to 4 and lim to 1.
2025-02-11T02:26:54.204907+00:00 sonic kernel: [    0.133227] cblist_init_generic: Setting adjustable number of callback queues.
2025-02-11T02:26:54.204908+00:00 sonic kernel: [    0.133227] cblist_init_generic: Setting shift to 4 and lim to 1.
2025-02-11T02:26:54.204908+00:00 sonic kernel: [    0.133239] Performance Events: unsupported p6 CPU model 134 no PMU driver, software events only.
2025-02-11T02:26:54.204909+00:00 sonic kernel: [    0.133282] signal: max sigframe size: 3632
2025-02-11T02:26:54.204909+00:00 sonic kernel: [    0.133300] rcu: Hierarchical SRCU implementation.
2025-02-11T02:26:54.204901+00:00 sonic (udev-worker)[449]: Network interface NamePolicy= disabled on kernel command line.
2025-02-11T02:26:54.204911+00:00 sonic kernel: [    0.133300] rcu: 	Max phase no-delay instances is 1000.
2025-02-11T02:26:54.204912+00:00 sonic kernel: [    0.133514] NMI watchdog: Perf NMI watchdog permanently disabled
2025-02-11T02:26:54.204912+00:00 sonic kernel: [    0.133610] smp: Bringing up secondary CPUs ...
2025-02-11T02:26:54.204912+00:00 sonic kernel: [    0.133745] x86: Booting SMP configuration:
2025-02-11T02:26:54.204913+00:00 sonic kernel: [    0.133746] .... node  #0, CPUs:        #1
2025-02-11T02:26:54.204913+00:00 sonic kernel: [    0.134102] MDS CPU bug present and SMT on, data leak possible. See https://www.kernel.org/doc/html/latest/admin-guide/hw-vuln/mds.html for more details.
2025-02-11T02:26:54.204913+00:00 sonic (udev-worker)[445]: Network interface NamePolicy= disabled on kernel command line.
2025-02-11T02:26:54.204916+00:00 sonic kernel: [    0.134102] TAA CPU bug present and SMT on, data leak possible. See https://www.kernel.org/doc/html/latest/admin-guide/hw-vuln/tsx_async_abort.html for more details.
2025-02-11T02:26:54.204919+00:00 sonic kernel: [    0.134102] MMIO Stale Data CPU bug present and SMT on, data leak possible. See https://www.kernel.org/doc/html/latest/admin-guide/hw-vuln/processor_mmio_stale_data.html for more details.
2025-02-11T02:26:54.204919+00:00 sonic kernel: [    0.134102]   #2  #3  #4  #5  #6  #7  #8  #9
2025-02-11T02:26:54.204920+00:00 sonic kernel: [    0.148068] smp: Brought up 1 node, 10 CPUs
2025-02-11T02:26:54.204920+00:00 sonic kernel: [    0.148068] smpboot: Max logical packages: 1
2025-02-11T02:26:54.204920+00:00 sonic kernel: [    0.148068] smpboot: Total of 10 processors activated (55868.76 BogoMIPS)
2025-02-11T02:26:54.204922+00:00 sonic kernel: [    0.158256] node 0 deferred pages initialised in 8ms
2025-02-11T02:26:54.204923+00:00 sonic kernel: [    0.158566] devtmpfs: initialized
2025-02-11T02:26:54.204921+00:00 sonic (udev-worker)[456]: Network interface NamePolicy= disabled on kernel command line.
2025-02-11T02:26:54.204923+00:00 sonic kernel: [    0.158566] x86/mm: Memory block size: 128MB
2025-02-11T02:26:54.204936+00:00 sonic kernel: [    0.158796] clocksource: jiffies: mask: 0xffffffff max_cycles: 0xffffffff, max_idle_ns: 7645041785100000 ns
2025-02-11T02:26:54.204937+00:00 sonic kernel: [    0.158796] futex hash table entries: 4096 (order: 6, 262144 bytes, linear)
2025-02-11T02:26:54.204937+00:00 sonic kernel: [    0.158796] pinctrl core: initialized pinctrl subsystem
2025-02-11T02:26:54.204941+00:00 sonic kernel: [    0.159315] NET: Registered PF_NETLINK/PF_ROUTE protocol family
2025-02-11T02:26:54.204941+00:00 sonic kernel: [    0.159453] audit: initializing netlink subsys (disabled)
2025-02-11T02:26:54.204941+00:00 sonic kernel: [    0.159472] audit: type=2000 audit(1739240807.021:1): state=initialized audit_enabled=0 res=1
2025-02-11T02:26:54.204942+00:00 sonic kernel: [    0.159472] thermal_sys: Registered thermal governor 'fair_share'
2025-02-11T02:26:54.204942+00:00 sonic kernel: [    0.159472] thermal_sys: Registered thermal governor 'bang_bang'
2025-02-11T02:26:54.204942+00:00 sonic kernel: [    0.159472] thermal_sys: Registered thermal governor 'step_wise'
2025-02-11T02:26:54.204928+00:00 sonic (udev-worker)[425]: Network interface NamePolicy= disabled on kernel command line.
2025-02-11T02:26:54.204950+00:00 sonic (udev-worker)[423]: Network interface NamePolicy= disabled on kernel command line.
2025-02-11T02:26:54.204957+00:00 sonic (udev-worker)[442]: Network interface NamePolicy= disabled on kernel command line.
2025-02-11T02:26:54.204979+00:00 sonic (udev-worker)[450]: Network interface NamePolicy= disabled on kernel command line.
2025-02-11T02:26:54.205010+00:00 sonic systemd[1]: Finished apparmor.service - Load AppArmor profiles.
2025-02-11T02:26:54.205016+00:00 sonic systemd[1]: Started haveged.service - Entropy Daemon based on the HAVEGE algorithm.
2025-02-11T02:26:54.205037+00:00 sonic haveged[605]: haveged: command socket is listening at fd 3
2025-02-11T02:26:54.205044+00:00 sonic haveged[605]: haveged: ver: 1.9.14; arch: x86; vend: GenuineIntel; build: (gcc 12.2.0 ITV); collect: 128K
2025-02-11T02:26:54.205050+00:00 sonic haveged[605]: haveged: cpu: (L4 VC); data: 32K (L2 L4 V); inst: 32K (L2 L4 V); idx: 24/40; sz: 32010/53875
2025-02-11T02:26:54.205060+00:00 sonic haveged[605]: haveged: tot tests(BA8): A:1/1 B:1/1 continuous tests(B):  last entropy estimate 7.99928
2025-02-11T02:26:54.205067+00:00 sonic kernel: [    0.159472] thermal_sys: Registered thermal governor 'user_space'
2025-02-11T02:26:54.205068+00:00 sonic kernel: [    0.159472] thermal_sys: Registered thermal governor 'power_allocator'
2025-02-11T02:26:54.205066+00:00 sonic haveged[605]: haveged: fills: 0, generated: 0
2025-02-11T02:26:54.205069+00:00 sonic kernel: [    0.159472] cpuidle: using governor ladder
2025-02-11T02:26:54.205071+00:00 sonic kernel: [    0.159472] cpuidle: using governor menu
2025-02-11T02:26:54.205072+00:00 sonic kernel: [    0.162129] acpiphp: ACPI Hot Plug PCI Controller Driver version: 0.5
2025-02-11T02:26:54.205072+00:00 sonic kernel: [    0.162417] PCI: MMCONFIG for domain 0000 [bus 00-ff] at [mem 0xb0000000-0xbfffffff] (base 0xb0000000)
2025-02-11T02:26:54.205073+00:00 sonic systemd[1]: Mounting proc-sys-fs-binfmt_misc.mount - Arbitrary Executable File Formats File System...
2025-02-11T02:26:54.205079+00:00 sonic systemd[1]: Mounted proc-sys-fs-binfmt_misc.mount - Arbitrary Executable File Formats File System.
2025-02-11T02:26:54.205085+00:00 sonic systemd[1]: Finished systemd-binfmt.service - Set Up Additional Binary Formats.
2025-02-11T02:26:54.205143+00:00 sonic kernel: [    0.162422] PCI: MMCONFIG at [mem 0xb0000000-0xbfffffff] reserved in E820
2025-02-11T02:26:54.205144+00:00 sonic kernel: [    0.162435] PCI: Using configuration type 1 for base access
2025-02-11T02:26:54.205145+00:00 sonic kernel: [    0.163527] kprobes: kprobe jump-optimization is enabled. All kprobes are optimized if possible.
2025-02-11T02:26:54.205145+00:00 sonic kernel: [    0.163546] HugeTLB: registered 1.00 GiB page size, pre-allocated 0 pages
2025-02-11T02:26:54.205146+00:00 sonic kernel: [    0.163546] HugeTLB: 16380 KiB vmemmap can be freed for a 1.00 GiB page
2025-02-11T02:26:54.205146+00:00 sonic kernel: [    0.163546] HugeTLB: registered 2.00 MiB page size, pre-allocated 0 pages
2025-02-11T02:26:54.205147+00:00 sonic kernel: [    0.163546] HugeTLB: 28 KiB vmemmap can be freed for a 2.00 MiB page
2025-02-11T02:26:54.205091+00:00 sonic auditd[713]: audit dispatcher initialized with q_depth=2000 and 1 active plugins
2025-02-11T02:26:54.205153+00:00 sonic auditd[713]: Init complete, auditd 3.0.9 listening for events (startup state enable)
2025-02-11T02:26:54.205161+00:00 sonic kernel: [    0.163546] ACPI: Added _OSI(Module Device)
2025-02-11T02:26:54.205162+00:00 sonic kernel: [    0.163546] ACPI: Added _OSI(Processor Device)
2025-02-11T02:26:54.205162+00:00 sonic kernel: [    0.163546] ACPI: Added _OSI(3.0 _SCP Extensions)
2025-02-11T02:26:54.205162+00:00 sonic kernel: [    0.163546] ACPI: Added _OSI(Processor Aggregator Device)
2025-02-11T02:26:54.205163+00:00 sonic kernel: [    0.163546] ACPI: 1 ACPI AML tables successfully acquired and loaded
2025-02-11T02:26:54.205163+00:00 sonic kernel: [    0.167946] ACPI: Interpreter enabled
2025-02-11T02:26:54.205160+00:00 sonic augenrules[718]: /sbin/augenrules: No change
2025-02-11T02:26:54.205168+00:00 sonic augenrules[732]: No rules
2025-02-11T02:26:54.203748+00:00 sonic netfilter-persistent[398]: run-parts: executing /usr/share/netfilter-persistent/plugins.d/15-ip4tables start
2025-02-11T02:26:54.203754+00:00 sonic netfilter-persistent[398]: run-parts: executing /usr/share/netfilter-persistent/plugins.d/25-ip6tables start
2025-02-11T02:26:54.203748+00:00 sonic kernel: [    0.000000] BIOS-e820: [mem 0x00000000fffc0000-0x00000000ffffffff] reserved
2025-02-11T02:26:54.203761+00:00 sonic systemd[1]: Starting systemd-journal-flush.service - Flush Journal to Persistent Storage...
2025-02-11T02:26:54.203763+00:00 sonic kernel: [    0.000000] BIOS-e820: [mem 0x0000000100000000-0x000000025cdfffff] usable
2025-02-11T02:26:54.203768+00:00 sonic kernel: [    0.000000] NX (Execute Disable) protection: active
2025-02-11T02:26:54.203768+00:00 sonic kernel: [    0.000000] SMBIOS 2.8 present.
2025-02-11T02:26:54.203768+00:00 sonic kernel: [    0.000000] DMI: QEMU Standard PC (Q35 + ICH9, 2009), BIOS 1.15.0-1 04/01/2014
2025-02-11T02:26:54.203769+00:00 sonic kernel: [    0.000000] Hypervisor detected: KVM
2025-02-11T02:26:54.203769+00:00 sonic kernel: [    0.000000] kvm-clock: Using msrs 4b564d01 and 4b564d00
2025-02-11T02:26:54.203770+00:00 sonic kernel: [    0.000002] kvm-clock: using sched offset of 3972612634 cycles
2025-02-11T02:26:54.203768+00:00 sonic systemd-udevd[395]: Using default interface naming scheme 'v252'.
2025-02-11T02:26:54.203772+00:00 sonic kernel: [    0.000004] clocksource: kvm-clock: mask: 0xffffffffffffffff max_cycles: 0x1cd42e4dffb, max_idle_ns: 881590591483 ns
2025-02-11T02:26:54.203773+00:00 sonic kernel: [    0.000007] tsc: Detected 2793.438 MHz processor
2025-02-11T02:26:54.203773+00:00 sonic kernel: [    0.000584] e820: update [mem 0x00000000-0x00000fff] usable ==> reserved
2025-02-11T02:26:54.203774+00:00 sonic kernel: [    0.000587] e820: remove [mem 0x000a0000-0x000fffff] usable
2025-02-11T02:26:54.203774+00:00 sonic kernel: [    0.000593] last_pfn = 0x25ce00 max_arch_pfn = 0x400000000
2025-02-11T02:26:54.203774+00:00 sonic kernel: [    0.000765] x86/PAT: PAT support disabled because CONFIG_X86_PAT is disabled in the kernel.
2025-02-11T02:26:54.203775+00:00 sonic kernel: [    0.000787] x86/PAT: Configuration [0-7]: WB  WT  UC- UC  WB  WT  UC- UC  
2025-02-11T02:26:54.203777+00:00 sonic kernel: [    0.000794] last_pfn = 0x7ffdb max_arch_pfn = 0x400000000
2025-02-11T02:26:54.203777+00:00 sonic kernel: [    0.012117] found SMP MP-table at [mem 0x000f5b90-0x000f5b9f]
2025-02-11T02:26:54.203778+00:00 sonic kernel: [    0.012236] Using GB pages for direct mapping
2025-02-11T02:26:54.203778+00:00 sonic kernel: [    0.012628] RAMDISK: [mem 0x34123000-0x36088fff]
2025-02-11T02:26:54.203778+00:00 sonic kernel: [    0.012651] ACPI: Early table checksum verification disabled
2025-02-11T02:26:54.203779+00:00 sonic kernel: [    0.012670] ACPI: RSDP 0x00000000000F59C0 000014 (v00 BOCHS )
2025-02-11T02:26:54.203775+00:00 sonic systemd[1]: Finished systemd-journal-flush.service - Flush Journal to Persistent Storage.
2025-02-11T02:26:54.203781+00:00 sonic kernel: [    0.012693] ACPI: RSDT 0x000000007FFE3220 000038 (v01 BOCHS  BXPC     00000001 BXPC 00000001)
2025-02-11T02:26:54.203781+00:00 sonic kernel: [    0.012699] ACPI: FACP 0x000000007FFE2FD0 0000F4 (v03 BOCHS  BXPC     00000001 BXPC 00000001)
2025-02-11T02:26:54.203782+00:00 sonic kernel: [    0.012718] ACPI: DSDT 0x000000007FFE0040 002F90 (v01 BOCHS  BXPC     00000001 BXPC 00000001)
2025-02-11T02:26:54.203782+00:00 sonic kernel: [    0.012722] ACPI: FACS 0x000000007FFE0000 000040
2025-02-11T02:26:54.203783+00:00 sonic kernel: [    0.012726] ACPI: APIC 0x000000007FFE30C4 0000C0 (v01 BOCHS  BXPC     00000001 BXPC 00000001)
2025-02-11T02:26:54.203783+00:00 sonic kernel: [    0.012730] ACPI: HPET 0x000000007FFE3184 000038 (v01 BOCHS  BXPC     00000001 BXPC 00000001)
2025-02-11T02:26:54.203785+00:00 sonic kernel: [    0.012735] ACPI: MCFG 0x000000007FFE31BC 00003C (v01 BOCHS  BXPC     00000001 BXPC 00000001)
2025-02-11T02:26:54.203785+00:00 sonic kernel: [    0.012739] ACPI: WAET 0x000000007FFE31F8 000028 (v01 BOCHS  BXPC     00000001 BXPC 00000001)
2025-02-11T02:26:54.203786+00:00 sonic kernel: [    0.012742] ACPI: Reserving FACP table memory at [mem 0x7ffe2fd0-0x7ffe30c3]
2025-02-11T02:26:54.203786+00:00 sonic kernel: [    0.012744] ACPI: Reserving DSDT table memory at [mem 0x7ffe0040-0x7ffe2fcf]
2025-02-11T02:26:54.203786+00:00 sonic kernel: [    0.012745] ACPI: Reserving FACS table memory at [mem 0x7ffe0000-0x7ffe003f]
2025-02-11T02:26:54.203787+00:00 sonic kernel: [    0.012745] ACPI: Reserving APIC table memory at [mem 0x7ffe30c4-0x7ffe3183]
2025-02-11T02:26:54.203787+00:00 sonic kernel: [    0.012746] ACPI: Reserving HPET table memory at [mem 0x7ffe3184-0x7ffe31bb]
2025-02-11T02:26:54.203784+00:00 sonic systemd[1]: Starting systemd-tmpfiles-setup.service - Create System Files and Directories...
2025-02-11T02:26:54.203789+00:00 sonic kernel: [    0.012747] ACPI: Reserving MCFG table memory at [mem 0x7ffe31bc-0x7ffe31f7]
2025-02-11T02:26:54.203790+00:00 sonic kernel: [    0.012748] ACPI: Reserving WAET table memory at [mem 0x7ffe31f8-0x7ffe321f]
2025-02-11T02:26:54.203790+00:00 sonic kernel: [    0.013817] No NUMA configuration found
2025-02-11T02:26:54.203790+00:00 sonic kernel: [    0.013818] Faking a node at [mem 0x0000000000000000-0x000000025cdfffff]
2025-02-11T02:26:54.203791+00:00 sonic kernel: [    0.013826] NODE_DATA(0) allocated [mem 0x25cdd5000-0x25cdfffff]
2025-02-11T02:26:54.203791+00:00 sonic kernel: [    0.014517] Zone ranges:
2025-02-11T02:26:54.203790+00:00 sonic systemd[1]: Started systemd-udevd.service - Rule-based Manager for Device Events and Files.
2025-02-11T02:26:54.203797+00:00 sonic kernel: [    0.014518]   DMA      [mem 0x0000000000001000-0x0000000000ffffff]
2025-02-11T02:26:54.203798+00:00 sonic kernel: [    0.014521]   DMA32    [mem 0x0000000001000000-0x00000000ffffffff]
2025-02-11T02:26:54.203798+00:00 sonic kernel: [    0.014522]   Normal   [mem 0x0000000100000000-0x000000025cdfffff]
2025-02-11T02:26:54.203799+00:00 sonic kernel: [    0.014524]   Device   empty
2025-02-11T02:26:54.203797+00:00 sonic systemd[1]: Finished systemd-tmpfiles-setup.service - Create System Files and Directories.
2025-02-11T02:26:54.203800+00:00 sonic kernel: [    0.014525] Movable zone start for each node
2025-02-11T02:26:54.203800+00:00 sonic kernel: [    0.014528] Early memory node ranges
2025-02-11T02:26:54.203801+00:00 sonic kernel: [    0.014529]   node   0: [mem 0x0000000000001000-0x000000000009efff]
2025-02-11T02:26:54.203804+00:00 sonic kernel: [    0.014530]   node   0: [mem 0x0000000000100000-0x000000007ffdafff]
2025-02-11T02:26:54.203803+00:00 sonic systemd[1]: Starting auditd.service - Security Auditing Service...
2025-02-11T02:26:54.203805+00:00 sonic kernel: [    0.014531]   node   0: [mem 0x0000000100000000-0x000000025cdfffff]
2025-02-11T02:26:54.203808+00:00 sonic kernel: [    0.014533] Initmem setup node 0 [mem 0x0000000000001000-0x000000025cdfffff]
2025-02-11T02:26:54.203809+00:00 sonic kernel: [    0.014929] On node 0, zone DMA: 1 pages in unavailable ranges
2025-02-11T02:26:54.203809+00:00 sonic kernel: [    0.014958] On node 0, zone DMA: 97 pages in unavailable ranges
2025-02-11T02:26:54.203810+00:00 sonic kernel: [    0.025649] On node 0, zone Normal: 37 pages in unavailable ranges
2025-02-11T02:26:54.203813+00:00 sonic kernel: [    0.026166] On node 0, zone Normal: 12800 pages in unavailable ranges
2025-02-11T02:26:54.203814+00:00 sonic kernel: [    0.031935] ACPI: PM-Timer IO Port: 0x608
2025-02-11T02:26:54.203814+00:00 sonic kernel: [    0.031961] ACPI: LAPIC_NMI (acpi_id[0xff] dfl dfl lint[0x1])
2025-02-11T02:26:54.203809+00:00 sonic systemd[1]: Starting modprobe@dm_mod.service - Load Kernel Module dm_mod...
2025-02-11T02:26:54.203815+00:00 sonic kernel: [    0.032065] IOAPIC[0]: apic_id 0, version 17, address 0xfec00000, GSI 0-23
2025-02-11T02:26:54.203815+00:00 sonic kernel: [    0.032070] ACPI: INT_SRC_OVR (bus 0 bus_irq 0 global_irq 2 dfl dfl)
2025-02-11T02:26:54.203816+00:00 sonic kernel: [    0.032072] ACPI: INT_SRC_OVR (bus 0 bus_irq 5 global_irq 5 high level)
2025-02-11T02:26:54.203819+00:00 sonic kernel: [    0.032074] ACPI: INT_SRC_OVR (bus 0 bus_irq 9 global_irq 9 high level)
2025-02-11T02:26:54.203820+00:00 sonic kernel: [    0.032075] ACPI: INT_SRC_OVR (bus 0 bus_irq 10 global_irq 10 high level)
2025-02-11T02:26:54.203818+00:00 sonic systemd[1]: Starting modprobe@efi_pstore.service - Load Kernel Module efi_pstore...
2025-02-11T02:26:54.203820+00:00 sonic kernel: [    0.032077] ACPI: INT_SRC_OVR (bus 0 bus_irq 11 global_irq 11 high level)
2025-02-11T02:26:54.203823+00:00 sonic kernel: [    0.032082] ACPI: Using ACPI (MADT) for SMP configuration information
2025-02-11T02:26:54.203824+00:00 sonic kernel: [    0.032084] ACPI: HPET id: 0x8086a201 base: 0xfed00000
2025-02-11T02:26:54.203825+00:00 sonic kernel: [    0.032089] TSC deadline timer available
2025-02-11T02:26:54.203826+00:00 sonic kernel: [    0.032101] smpboot: Allowing 10 CPUs, 0 hotplug CPUs
2025-02-11T02:26:54.203826+00:00 sonic systemd[1]: Starting modprobe@loop.service - Load Kernel Module loop...
2025-02-11T02:26:54.203828+00:00 sonic kernel: [    0.032147] PM: hibernation: Registered nosave memory: [mem 0x00000000-0x00000fff]
2025-02-11T02:26:54.203830+00:00 sonic kernel: [    0.032149] PM: hibernation: Registered nosave memory: [mem 0x0009f000-0x0009ffff]
2025-02-11T02:26:54.203831+00:00 sonic kernel: [    0.032150] PM: hibernation: Registered nosave memory: [mem 0x000a0000-0x000effff]
2025-02-11T02:26:54.203832+00:00 sonic kernel: [    0.032151] PM: hibernation: Registered nosave memory: [mem 0x000f0000-0x000fffff]
2025-02-11T02:26:54.203832+00:00 sonic kernel: [    0.032152] PM: hibernation: Registered nosave memory: [mem 0x7ffdb000-0x7fffffff]
2025-02-11T02:26:54.203833+00:00 sonic kernel: [    0.032153] PM: hibernation: Registered nosave memory: [mem 0x80000000-0xafffffff]
2025-02-11T02:26:54.203832+00:00 sonic systemd[1]: systemd-firstboot.service - First Boot Wizard was skipped because of an unmet condition check (ConditionFirstBoot=yes).
2025-02-11T02:26:54.203836+00:00 sonic kernel: [    0.032154] PM: hibernation: Registered nosave memory: [mem 0xb0000000-0xbfffffff]
2025-02-11T02:26:54.203837+00:00 sonic kernel: [    0.032155] PM: hibernation: Registered nosave memory: [mem 0xc0000000-0xfed1bfff]
2025-02-11T02:26:54.203838+00:00 sonic kernel: [    0.032156] PM: hibernation: Registered nosave memory: [mem 0xfed1c000-0xfed1ffff]
2025-02-11T02:26:54.203839+00:00 sonic kernel: [    0.032156] PM: hibernation: Registered nosave memory: [mem 0xfed20000-0xfeffbfff]
2025-02-11T02:26:54.203839+00:00 sonic kernel: [    0.032157] PM: hibernation: Registered nosave memory: [mem 0xfeffc000-0xfeffffff]
2025-02-11T02:26:54.203840+00:00 sonic kernel: [    0.032157] PM: hibernation: Registered nosave memory: [mem 0xff000000-0xfffbffff]
2025-02-11T02:26:54.203838+00:00 sonic systemd[1]: first-boot-complete.target - First Boot Complete was skipped because of an unmet condition check (ConditionFirstBoot=yes).
2025-02-11T02:26:54.203841+00:00 sonic kernel: [    0.032158] PM: hibernation: Registered nosave memory: [mem 0xfffc0000-0xffffffff]
2025-02-11T02:26:54.203844+00:00 sonic kernel: [    0.032160] [mem 0xc0000000-0xfed1bfff] available for PCI devices
2025-02-11T02:26:54.203844+00:00 sonic kernel: [    0.032161] Booting paravirtualized kernel on KVM
2025-02-11T02:26:54.203845+00:00 sonic kernel: [    0.032164] clocksource: refined-jiffies: mask: 0xffffffff max_cycles: 0xffffffff, max_idle_ns: 7645519600211568 ns
2025-02-11T02:26:54.203846+00:00 sonic kernel: [    0.037819] setup_percpu: NR_CPUS:8192 nr_cpumask_bits:10 nr_cpu_ids:10 nr_node_ids:1
2025-02-11T02:26:54.203846+00:00 sonic kernel: [    0.039328] percpu: Embedded 57 pages/cpu s192744 r8192 d32536 u524288
2025-02-11T02:26:54.203847+00:00 sonic kernel: [    0.039334] pcpu-alloc: s192744 r8192 d32536 u524288 alloc=1*2097152
2025-02-11T02:26:54.203845+00:00 sonic systemd[1]: systemd-machine-id-commit.service - Commit a transient machine-id on disk was skipped because of an unmet condition check (ConditionPathIsMountPoint=/etc/machine-id).
2025-02-11T02:26:54.203879+00:00 sonic kernel: [    0.039337] pcpu-alloc: [0] 00 01 02 03 [0] 04 05 06 07 
2025-02-11T02:26:54.203881+00:00 sonic kernel: [    0.039343] pcpu-alloc: [0] 08 09 -- -- 
2025-02-11T02:26:54.203882+00:00 sonic kernel: [    0.039409] kvm-guest: PV spinlocks disabled, no host support
2025-02-11T02:26:54.203882+00:00 sonic kernel: [    0.039413] Fallback order for Node 0: 0 
2025-02-11T02:26:54.203878+00:00 sonic systemd[1]: modprobe@dm_mod.service: Deactivated successfully.
2025-02-11T02:26:54.203911+00:00 sonic systemd[1]: Finished modprobe@dm_mod.service - Load Kernel Module dm_mod.
2025-02-11T02:26:54.203918+00:00 sonic systemd[1]: modprobe@efi_pstore.service: Deactivated successfully.
2025-02-11T02:26:54.203923+00:00 sonic systemd[1]: Finished modprobe@efi_pstore.service - Load Kernel Module efi_pstore.
2025-02-11T02:26:54.203928+00:00 sonic systemd[1]: modprobe@loop.service: Deactivated successfully.
2025-02-11T02:26:54.204409+00:00 sonic kernel: [    0.039416] Built 1 zonelists, mobility grouping on.  Total pages: 1922467
2025-02-11T02:26:54.204715+00:00 sonic kernel: [    0.039417] Policy zone: Normal
2025-02-11T02:26:54.204724+00:00 sonic kernel: [    0.039419] Kernel command line: BOOT_IMAGE=/image-master.766266-3fe020a9c/boot/vmlinuz-6.1.0-22-2-amd64 root=UUID=626c0729-4837-4b36-974f-e1c965706113 rw console=tty0 console=ttyS0,115200n8 quiet processor.max_cstate=1 intel_idle.max_cstate=0 sonic_fips=1 net.ifnames=0 biosdevname=0 loop=image-master.766266-3fe020a9c/fs.squashfs loopfstype=squashfs systemd.unified_cgroup_hierarchy=0 apparmor=1 security=apparmor varlog_size=4096 usbcore.autosuspend=-1 swiotlb=65536
2025-02-11T02:26:54.203934+00:00 sonic systemd[1]: Finished modprobe@loop.service - Load Kernel Module loop.
2025-02-11T02:26:54.204774+00:00 sonic kernel: [    0.039596] Unknown kernel command line parameters "BOOT_IMAGE=/image-master.766266-3fe020a9c/boot/vmlinuz-6.1.0-22-2-amd64 sonic_fips=1 biosdevname=0 loop=image-master.766266-3fe020a9c/fs.squashfs loopfstype=squashfs varlog_size=4096", will be passed to user space.
2025-02-11T02:26:54.204776+00:00 sonic kernel: [    0.039607] random: crng init done
2025-02-11T02:26:54.204777+00:00 sonic kernel: [    0.041387] Dentry cache hash table entries: 1048576 (order: 11, 8388608 bytes, linear)
2025-02-11T02:26:54.204778+00:00 sonic kernel: [    0.042327] Inode-cache hash table entries: 524288 (order: 10, 4194304 bytes, linear)
2025-02-11T02:26:54.204797+00:00 sonic kernel: [    0.042577] mem auto-init: stack:all(zero), heap alloc:on, heap free:off
2025-02-11T02:26:54.204798+00:00 sonic kernel: [    0.042582] software IO TLB: area num 16.
2025-02-11T02:26:54.204798+00:00 sonic kernel: [    0.091102] Memory: 2063568K/7812580K available (14342K kernel code, 5473K rwdata, 9156K rodata, 2780K init, 16276K bss, 358452K reserved, 0K cma-reserved)
2025-02-11T02:26:54.204799+00:00 sonic kernel: [    0.091221] SLUB: HWalign=64, Order=0-3, MinObjects=0, CPUs=10, Nodes=1
2025-02-11T02:26:54.204799+00:00 sonic kernel: [    0.091233] Kernel/User page tables isolation: enabled
2025-02-11T02:26:54.204799+00:00 sonic kernel: [    0.091263] ftrace: allocating 40790 entries in 160 pages
2025-02-11T02:26:54.204802+00:00 sonic kernel: [    0.099219] ftrace: allocated 160 pages with 2 groups
2025-02-11T02:26:54.204802+00:00 sonic kernel: [    0.100056] Dynamic Preempt: voluntary
2025-02-11T02:26:54.204802+00:00 sonic kernel: [    0.100539] rcu: Preemptible hierarchical RCU implementation.
2025-02-11T02:26:54.204803+00:00 sonic kernel: [    0.100540] rcu: 	RCU restricting CPUs from NR_CPUS=8192 to nr_cpu_ids=10.
2025-02-11T02:26:54.204803+00:00 sonic kernel: [    0.100542] 	Trampoline variant of Tasks RCU enabled.
2025-02-11T02:26:54.204803+00:00 sonic kernel: [    0.100543] 	Rude variant of Tasks RCU enabled.
2025-02-11T02:26:54.204804+00:00 sonic kernel: [    0.100543] 	Tracing variant of Tasks RCU enabled.
2025-02-11T02:26:54.204806+00:00 sonic kernel: [    0.100544] rcu: RCU calculated value of scheduler-enlistment delay is 25 jiffies.
2025-02-11T02:26:54.204779+00:00 sonic systemd[1]: Found device dev-ttyS0.device - /dev/ttyS0.
2025-02-11T02:26:54.204817+00:00 sonic kernel: [    0.100545] rcu: Adjusting geometry for rcu_fanout_leaf=16, nr_cpu_ids=10
2025-02-11T02:26:54.204818+00:00 sonic kernel: [    0.104852] NR_IRQS: 524544, nr_irqs: 504, preallocated irqs: 16
2025-02-11T02:26:54.204818+00:00 sonic kernel: [    0.105091] rcu: srcu_init: Setting srcu_struct sizes based on contention.
2025-02-11T02:26:54.204819+00:00 sonic kernel: [    0.107669] Console: colour VGA+ 80x25
2025-02-11T02:26:54.204819+00:00 sonic kernel: [    0.107683] printk: console [tty0] enabled
2025-02-11T02:26:54.204822+00:00 sonic kernel: [    0.107803] printk: console [ttyS0] enabled
2025-02-11T02:26:54.204822+00:00 sonic kernel: [    0.107821] ACPI: Core revision 20220331
2025-02-11T02:26:54.204823+00:00 sonic kernel: [    0.108179] clocksource: hpet: mask: 0xffffffff max_cycles: 0xffffffff, max_idle_ns: 19112604467 ns
2025-02-11T02:26:54.204823+00:00 sonic kernel: [    0.108460] APIC: Switch to symmetric I/O mode setup
2025-02-11T02:26:54.204824+00:00 sonic kernel: [    0.109303] x2apic enabled
2025-02-11T02:26:54.204824+00:00 sonic kernel: [    0.110165] Switched APIC routing to physical x2apic.
2025-02-11T02:26:54.204825+00:00 sonic kernel: [    0.114022] ..TIMER: vector=0x30 apic1=0 pin1=2 apic2=-1 pin2=-1
2025-02-11T02:26:54.204827+00:00 sonic kernel: [    0.114099] clocksource: tsc-early: mask: 0xffffffffffffffff max_cycles: 0x284409db922, max_idle_ns: 440795228871 ns
2025-02-11T02:26:54.204828+00:00 sonic kernel: [    0.114105] Calibrating delay loop (skipped) preset value.. 5586.87 BogoMIPS (lpj=11173752)
2025-02-11T02:26:54.204828+00:00 sonic kernel: [    0.114685] x86/cpu: User Mode Instruction Prevention (UMIP) activated
2025-02-11T02:26:54.204828+00:00 sonic kernel: [    0.114976] Last level iTLB entries: 4KB 0, 2MB 0, 4MB 0
2025-02-11T02:26:54.204829+00:00 sonic kernel: [    0.114977] Last level dTLB entries: 4KB 0, 2MB 0, 4MB 0, 1GB 0
2025-02-11T02:26:54.204829+00:00 sonic kernel: [    0.114991] Spectre V1 : Mitigation: usercopy/swapgs barriers and __user pointer sanitization
2025-02-11T02:26:54.204812+00:00 sonic systemd[1]: systemd-pstore.service - Platform Persistent Storage Archival was skipped because of an unmet condition check (ConditionDirectoryNotEmpty=/sys/fs/pstore).
2025-02-11T02:26:54.204833+00:00 sonic kernel: [    0.114996] Spectre V2 : Mitigation: Retpolines
2025-02-11T02:26:54.204834+00:00 sonic kernel: [    0.114997] Spectre V2 : Spectre v2 / SpectreRSB mitigation: Filling RSB on context switch
2025-02-11T02:26:54.204834+00:00 sonic kernel: [    0.114998] Spectre V2 : Spectre v2 / SpectreRSB : Filling RSB on VMEXIT
2025-02-11T02:26:54.204834+00:00 sonic kernel: [    0.114999] Speculative Store Bypass: Vulnerable
2025-02-11T02:26:54.204835+00:00 sonic kernel: [    0.115004] MDS: Mitigation: Clear CPU buffers
2025-02-11T02:26:54.204835+00:00 sonic kernel: [    0.115005] TAA: Mitigation: Clear CPU buffers
2025-02-11T02:26:54.204834+00:00 sonic systemd[1]: systemd-repart.service - Repartition Root Disk was skipped because no trigger condition checks were met.
2025-02-11T02:26:54.204848+00:00 sonic kernel: [    0.115006] MMIO Stale Data: Vulnerable: Clear CPU buffers attempted, no microcode
2025-02-11T02:26:54.204849+00:00 sonic kernel: [    0.115007] Register File Data Sampling: Vulnerable: No microcode
2025-02-11T02:26:54.204865+00:00 sonic kernel: [    0.115113] x86/fpu: Supporting XSAVE feature 0x001: 'x87 floating point registers'
2025-02-11T02:26:54.204866+00:00 sonic kernel: [    0.115115] x86/fpu: Supporting XSAVE feature 0x002: 'SSE registers'
2025-02-11T02:26:54.204867+00:00 sonic kernel: [    0.115116] x86/fpu: Supporting XSAVE feature 0x004: 'AVX registers'
2025-02-11T02:26:54.204867+00:00 sonic kernel: [    0.115116] x86/fpu: Supporting XSAVE feature 0x020: 'AVX-512 opmask'
2025-02-11T02:26:54.204867+00:00 sonic kernel: [    0.115118] x86/fpu: Supporting XSAVE feature 0x040: 'AVX-512 Hi256'
2025-02-11T02:26:54.204871+00:00 sonic kernel: [    0.115118] x86/fpu: Supporting XSAVE feature 0x080: 'AVX-512 ZMM_Hi256'
2025-02-11T02:26:54.204871+00:00 sonic kernel: [    0.115120] x86/fpu: xstate_offset[2]:  576, xstate_sizes[2]:  256
2025-02-11T02:26:54.204871+00:00 sonic kernel: [    0.115121] x86/fpu: xstate_offset[5]:  832, xstate_sizes[5]:   64
2025-02-11T02:26:54.204872+00:00 sonic kernel: [    0.115122] x86/fpu: xstate_offset[6]:  896, xstate_sizes[6]:  512
2025-02-11T02:26:54.204872+00:00 sonic kernel: [    0.115123] x86/fpu: xstate_offset[7]: 1408, xstate_sizes[7]: 1024
2025-02-11T02:26:54.204872+00:00 sonic kernel: [    0.115125] x86/fpu: Enabled xstate features 0xe7, context size is 2432 bytes, using 'compacted' format.
2025-02-11T02:26:54.204875+00:00 sonic kernel: [    0.132190] Freeing SMP alternatives memory: 36K
2025-02-11T02:26:54.204876+00:00 sonic kernel: [    0.132194] pid_max: default: 32768 minimum: 301
2025-02-11T02:26:54.204841+00:00 sonic (udev-worker)[422]: Network interface NamePolicy= disabled on kernel command line.
2025-02-11T02:26:54.204894+00:00 sonic kernel: [    0.132220] LSM: Security Framework initializing
2025-02-11T02:26:54.204895+00:00 sonic kernel: [    0.132233] landlock: Up and running.
2025-02-11T02:26:54.204895+00:00 sonic kernel: [    0.132234] Yama: disabled by default; enable with sysctl kernel.yama.*
2025-02-11T02:26:54.204895+00:00 sonic kernel: [    0.132258] AppArmor: AppArmor initialized
2025-02-11T02:26:54.204893+00:00 sonic (udev-worker)[427]: Network interface NamePolicy= disabled on kernel command line.
2025-02-11T02:26:54.204898+00:00 sonic kernel: [    0.132262] LSM support for eBPF active
2025-02-11T02:26:54.204899+00:00 sonic kernel: [    0.132643] Mount-cache hash table entries: 16384 (order: 5, 131072 bytes, linear)
2025-02-11T02:26:54.204900+00:00 sonic kernel: [    0.132650] Mountpoint-cache hash table entries: 16384 (order: 5, 131072 bytes, linear)
2025-02-11T02:26:54.204900+00:00 sonic kernel: [    0.133097] smpboot: CPU0: Intel Xeon Processor (Icelake) (family: 0x6, model: 0x86, stepping: 0x0)
2025-02-11T02:26:54.204900+00:00 sonic kernel: [    0.133201] cblist_init_generic: Setting adjustable number of callback queues.
2025-02-11T02:26:54.204901+00:00 sonic kernel: [    0.133203] cblist_init_generic: Setting shift to 4 and lim to 1.
2025-02-11T02:26:54.204903+00:00 sonic kernel: [    0.133215] cblist_init_generic: Setting adjustable number of callback queues.
2025-02-11T02:26:54.204903+00:00 sonic kernel: [    0.133216] cblist_init_generic: Setting shift to 4 and lim to 1.
2025-02-11T02:26:54.204907+00:00 sonic kernel: [    0.133227] cblist_init_generic: Setting adjustable number of callback queues.
2025-02-11T02:26:54.204908+00:00 sonic kernel: [    0.133227] cblist_init_generic: Setting shift to 4 and lim to 1.
2025-02-11T02:26:54.204908+00:00 sonic kernel: [    0.133239] Performance Events: unsupported p6 CPU model 134 no PMU driver, software events only.
2025-02-11T02:26:54.204909+00:00 sonic kernel: [    0.133282] signal: max sigframe size: 3632
2025-02-11T02:26:54.204909+00:00 sonic kernel: [    0.133300] rcu: Hierarchical SRCU implementation.
2025-02-11T02:26:54.204901+00:00 sonic (udev-worker)[449]: Network interface NamePolicy= disabled on kernel command line.
2025-02-11T02:26:54.204911+00:00 sonic kernel: [    0.133300] rcu: 	Max phase no-delay instances is 1000.
2025-02-11T02:26:54.204912+00:00 sonic kernel: [    0.133514] NMI watchdog: Perf NMI watchdog permanently disabled
2025-02-11T02:26:54.204912+00:00 sonic kernel: [    0.133610] smp: Bringing up secondary CPUs ...
2025-02-11T02:26:54.204912+00:00 sonic kernel: [    0.133745] x86: Booting SMP configuration:
2025-02-11T02:26:54.204913+00:00 sonic kernel: [    0.133746] .... node  #0, CPUs:        #1
2025-02-11T02:26:54.204913+00:00 sonic kernel: [    0.134102] MDS CPU bug present and SMT on, data leak possible. See https://www.kernel.org/doc/html/latest/admin-guide/hw-vuln/mds.html for more details.
2025-02-11T02:26:54.204913+00:00 sonic (udev-worker)[445]: Network interface NamePolicy= disabled on kernel command line.
2025-02-11T02:26:54.204916+00:00 sonic kernel: [    0.134102] TAA CPU bug present and SMT on, data leak possible. See https://www.kernel.org/doc/html/latest/admin-guide/hw-vuln/tsx_async_abort.html for more details.
2025-02-11T02:26:54.204919+00:00 sonic kernel: [    0.134102] MMIO Stale Data CPU bug present and SMT on, data leak possible. See https://www.kernel.org/doc/html/latest/admin-guide/hw-vuln/processor_mmio_stale_data.html for more details.
2025-02-11T02:26:54.204919+00:00 sonic kernel: [    0.134102]   #2  #3  #4  #5  #6  #7  #8  #9
2025-02-11T02:26:54.204920+00:00 sonic kernel: [    0.148068] smp: Brought up 1 node, 10 CPUs
2025-02-11T02:26:54.204920+00:00 sonic kernel: [    0.148068] smpboot: Max logical packages: 1
2025-02-11T02:26:54.204920+00:00 sonic kernel: [    0.148068] smpboot: Total of 10 processors activated (55868.76 BogoMIPS)
2025-02-11T02:26:54.204922+00:00 sonic kernel: [    0.158256] node 0 deferred pages initialised in 8ms
2025-02-11T02:26:54.204923+00:00 sonic kernel: [    0.158566] devtmpfs: initialized
2025-02-11T02:26:54.204921+00:00 sonic (udev-worker)[456]: Network interface NamePolicy= disabled on kernel command line.
2025-02-11T02:26:54.204923+00:00 sonic kernel: [    0.158566] x86/mm: Memory block size: 128MB
2025-02-11T02:26:54.204936+00:00 sonic kernel: [    0.158796] clocksource: jiffies: mask: 0xffffffff max_cycles: 0xffffffff, max_idle_ns: 7645041785100000 ns
2025-02-11T02:26:54.204937+00:00 sonic kernel: [    0.158796] futex hash table entries: 4096 (order: 6, 262144 bytes, linear)
2025-02-11T02:26:54.204937+00:00 sonic kernel: [    0.158796] pinctrl core: initialized pinctrl subsystem
2025-02-11T02:26:54.204941+00:00 sonic kernel: [    0.159315] NET: Registered PF_NETLINK/PF_ROUTE protocol family
2025-02-11T02:26:54.204941+00:00 sonic kernel: [    0.159453] audit: initializing netlink subsys (disabled)
2025-02-11T02:26:54.204941+00:00 sonic kernel: [    0.159472] audit: type=2000 audit(1739240807.021:1): state=initialized audit_enabled=0 res=1
2025-02-11T02:26:54.204942+00:00 sonic kernel: [    0.159472] thermal_sys: Registered thermal governor 'fair_share'
2025-02-11T02:26:54.204942+00:00 sonic kernel: [    0.159472] thermal_sys: Registered thermal governor 'bang_bang'
2025-02-11T02:26:54.204942+00:00 sonic kernel: [    0.159472] thermal_sys: Registered thermal governor 'step_wise'
2025-02-11T02:26:54.204928+00:00 sonic (udev-worker)[425]: Network interface NamePolicy= disabled on kernel command line.
2025-02-11T02:26:54.204950+00:00 sonic (udev-worker)[423]: Network interface NamePolicy= disabled on kernel command line.
2025-02-11T02:26:54.204957+00:00 sonic (udev-worker)[442]: Network interface NamePolicy= disabled on kernel command line.
2025-02-11T02:26:54.204979+00:00 sonic (udev-worker)[450]: Network interface NamePolicy= disabled on kernel command line.
2025-02-11T02:26:54.205010+00:00 sonic systemd[1]: Finished apparmor.service - Load AppArmor profiles.
2025-02-11T02:26:54.205016+00:00 sonic systemd[1]: Started haveged.service - Entropy Daemon based on the HAVEGE algorithm.
2025-02-11T02:26:54.205037+00:00 sonic haveged[605]: haveged: command socket is listening at fd 3
2025-02-11T02:26:54.205044+00:00 sonic haveged[605]: haveged: ver: 1.9.14; arch: x86; vend: GenuineIntel; build: (gcc 12.2.0 ITV); collect: 128K
2025-02-11T02:26:54.205050+00:00 sonic haveged[605]: haveged: cpu: (L4 VC); data: 32K (L2 L4 V); inst: 32K (L2 L4 V); idx: 24/40; sz: 32010/53875
2025-02-11T02:26:54.205060+00:00 sonic haveged[605]: haveged: tot tests(BA8): A:1/1 B:1/1 continuous tests(B):  last entropy estimate 7.99928
2025-02-11T02:26:54.205067+00:00 sonic kernel: [    0.159472] thermal_sys: Registered thermal governor 'user_space'
2025-02-11T02:26:54.205068+00:00 sonic kernel: [    0.159472] thermal_sys: Registered thermal governor 'power_allocator'
2025-02-11T02:26:54.205066+00:00 sonic haveged[605]: haveged: fills: 0, generated: 0
2025-02-11T02:26:54.205069+00:00 sonic kernel: [    0.159472] cpuidle: using governor ladder
2025-02-11T02:26:54.205071+00:00 sonic kernel: [    0.159472] cpuidle: using governor menu
2025-02-11T02:26:54.205072+00:00 sonic kernel: [    0.162129] acpiphp: ACPI Hot Plug PCI Controller Driver version: 0.5
2025-02-11T02:26:54.205072+00:00 sonic kernel: [    0.162417] PCI: MMCONFIG for domain 0000 [bus 00-ff] at [mem 0xb0000000-0xbfffffff] (base 0xb0000000)
2025-02-11T02:26:54.205073+00:00 sonic systemd[1]: Mounting proc-sys-fs-binfmt_misc.mount - Arbitrary Executable File Formats File System...
2025-02-11T02:26:54.205079+00:00 sonic systemd[1]: Mounted proc-sys-fs-binfmt_misc.mount - Arbitrary Executable File Formats File System.
2025-02-11T02:26:54.205085+00:00 sonic systemd[1]: Finished systemd-binfmt.service - Set Up Additional Binary Formats.
2025-02-11T02:26:54.205143+00:00 sonic kernel: [    0.162422] PCI: MMCONFIG at [mem 0xb0000000-0xbfffffff] reserved in E820
2025-02-11T02:26:54.205144+00:00 sonic kernel: [    0.162435] PCI: Using configuration type 1 for base access
2025-02-11T02:26:54.205145+00:00 sonic kernel: [    0.163527] kprobes: kprobe jump-optimization is enabled. All kprobes are optimized if possible.
2025-02-11T02:26:54.205145+00:00 sonic kernel: [    0.163546] HugeTLB: registered 1.00 GiB page size, pre-allocated 0 pages
2025-02-11T02:26:54.205146+00:00 sonic kernel: [    0.163546] HugeTLB: 16380 KiB vmemmap can be freed for a 1.00 GiB page
2025-02-11T02:26:54.205146+00:00 sonic kernel: [    0.163546] HugeTLB: registered 2.00 MiB page size, pre-allocated 0 pages
2025-02-11T02:26:54.205147+00:00 sonic kernel: [    0.163546] HugeTLB: 28 KiB vmemmap can be freed for a 2.00 MiB page
2025-02-11T02:26:54.205091+00:00 sonic auditd[713]: audit dispatcher initialized with q_depth=2000 and 1 active plugins
2025-02-11T02:26:54.205153+00:00 sonic auditd[713]: Init complete, auditd 3.0.9 listening for events (startup state enable)
2025-02-11T02:26:54.205161+00:00 sonic kernel: [    0.163546] ACPI: Added _OSI(Module Device)
2025-02-11T02:26:54.205162+00:00 sonic kernel: [    0.163546] ACPI: Added _OSI(Processor Device)
2025-02-11T02:26:54.205162+00:00 sonic kernel: [    0.163546] ACPI: Added _OSI(3.0 _SCP Extensions)
2025-02-11T02:26:54.205162+00:00 sonic kernel: [    0.163546] ACPI: Added _OSI(Processor Aggregator Device)
2025-02-11T02:26:54.205163+00:00 sonic kernel: [    0.163546] ACPI: 1 ACPI AML tables successfully acquired and loaded
2025-02-11T02:26:54.205163+00:00 sonic kernel: [    0.167946] ACPI: Interpreter enabled
2025-02-11T02:26:54.205160+00:00 sonic augenrules[718]: /sbin/augenrules: No change
2025-02-11T02:26:54.205168+00:00 sonic augenrules[732]: No rules
2025-02-11T02:26:54.205171+00:00 sonic kernel: [    0.167959] ACPI: PM: (supports S0 S3 S4 S5)
2025-02-11T02:26:54.205171+00:00 sonic kernel: [    0.167961] ACPI: Using IOAPIC for interrupt routing
2025-02-11T02:26:54.205172+00:00 sonic kernel: [    0.167983] PCI: Using host bridge windows from ACPI; if necessary, use "pci=nocrs" and report a bug
2025-02-11T02:26:54.205172+00:00 sonic kernel: [    0.167984] PCI: Using E820 reservations for host bridge windows
2025-02-11T02:26:54.205173+00:00 sonic kernel: [    0.168159] ACPI: Enabled 2 GPEs in block 00 to 3F
2025-02-11T02:26:54.205173+00:00 sonic kernel: [    0.171411] ACPI: PCI Root Bridge [PCI0] (domain 0000 [bus 00-ff])
2025-02-11T02:26:54.205174+00:00 sonic augenrules[732]: enabled 1
2025-02-11T02:26:54.205180+00:00 sonic augenrules[732]: failure 1
2025-02-11T02:26:54.205185+00:00 sonic augenrules[732]: pid 713
2025-02-11T02:26:54.205213+00:00 sonic augenrules[732]: rate_limit 0
2025-02-11T02:26:54.205219+00:00 sonic augenrules[732]: backlog_limit 8192
2025-02-11T02:26:54.205225+00:00 sonic augenrules[732]: lost 0
2025-02-11T02:26:54.205230+00:00 sonic augenrules[732]: backlog 3
2025-02-11T02:26:54.205236+00:00 sonic augenrules[732]: backlog_wait_time 15000
2025-02-11T02:26:54.205241+00:00 sonic augenrules[732]: backlog_wait_time_actual 0
2025-02-11T02:26:54.206113+00:00 sonic kernel: [    0.171417] acpi PNP0A08:00: _OSC: OS supports [ExtendedConfig ASPM ClockPM Segments MSI HPX-Type3]
2025-02-11T02:26:54.206119+00:00 sonic kernel: [    0.171469] acpi PNP0A08:00: _OSC: platform does not support [PCIeHotplug LTR]
2025-02-11T02:26:54.206120+00:00 sonic kernel: [    0.171513] acpi PNP0A08:00: _OSC: OS now controls [SHPCHotplug PME AER PCIeCapability]
2025-02-11T02:26:54.206120+00:00 sonic kernel: [    0.171872] PCI host bridge to bus 0000:00
2025-02-11T02:26:54.206120+00:00 sonic kernel: [    0.171875] pci_bus 0000:00: root bus resource [io  0x0000-0x0cf7 window]
2025-02-11T02:26:54.206121+00:00 sonic kernel: [    0.171878] pci_bus 0000:00: root bus resource [io  0x0d00-0xffff window]
2025-02-11T02:26:54.206121+00:00 sonic kernel: [    0.171879] pci_bus 0000:00: root bus resource [mem 0x000a0000-0x000bffff window]
2025-02-11T02:26:54.205247+00:00 sonic augenrules[732]: enabled 1
2025-02-11T02:26:54.207176+00:00 sonic augenrules[732]: failure 1
2025-02-11T02:26:54.207200+00:00 sonic augenrules[732]: pid 713
2025-02-11T02:26:54.207204+00:00 sonic augenrules[732]: rate_limit 0
2025-02-11T02:26:54.207208+00:00 sonic augenrules[732]: backlog_limit 8192
2025-02-11T02:26:54.207213+00:00 sonic augenrules[732]: lost 0
2025-02-11T02:26:54.207216+00:00 sonic augenrules[732]: backlog 0
2025-02-11T02:26:54.207220+00:00 sonic augenrules[732]: backlog_wait_time 15000
2025-02-11T02:26:54.207244+00:00 sonic augenrules[732]: backlog_wait_time_actual 0
2025-02-11T02:26:54.207249+00:00 sonic augenrules[732]: enabled 1
2025-02-11T02:26:54.207269+00:00 sonic augenrules[732]: failure 1
2025-02-11T02:26:54.207275+00:00 sonic augenrules[732]: pid 713
2025-02-11T02:26:54.207281+00:00 sonic augenrules[732]: rate_limit 0
2025-02-11T02:26:54.207287+00:00 sonic augenrules[732]: backlog_limit 8192
2025-02-11T02:26:54.207297+00:00 sonic augenrules[732]: lost 0
2025-02-11T02:26:54.207322+00:00 sonic augenrules[732]: backlog 0
2025-02-11T02:26:54.207328+00:00 sonic augenrules[732]: backlog_wait_time 60000
2025-02-11T02:26:54.207339+00:00 sonic augenrules[732]: backlog_wait_time_actual 0
2025-02-11T02:26:54.207345+00:00 sonic systemd[1]: Started auditd.service - Security Auditing Service.
2025-02-11T02:26:54.207370+00:00 sonic systemd[1]: Starting systemd-update-utmp.service - Record System Boot/Shutdown in UTMP...
2025-02-11T02:26:54.207377+00:00 sonic systemd[1]: Finished systemd-update-utmp.service - Record System Boot/Shutdown in UTMP.
2025-02-11T02:26:54.207383+00:00 sonic systemd[1]: Reached target sysinit.target - System Initialization.
2025-02-11T02:26:54.207388+00:00 sonic systemd[1]: Started aaastatsd.timer - Delays aaastatsd daemon until SONiC has started.
2025-02-11T02:26:54.207399+00:00 sonic systemd[1]: Started apt-daily.timer - Daily apt download activities.
2025-02-11T02:26:54.207424+00:00 sonic systemd[1]: Started apt-daily-upgrade.timer - Daily apt upgrade and clean activities.
2025-02-11T02:26:54.207453+00:00 sonic systemd[1]: Started dpkg-db-backup.timer - Daily dpkg database backup timer.
2025-02-11T02:26:54.207461+00:00 sonic systemd[1]: Started e2scrub_all.timer - Periodic ext4 Online Metadata Check for All Filesystems.
2025-02-11T02:26:54.207466+00:00 sonic systemd[1]: Started featured.timer - Delays feature daemon until SONiC has started.
2025-02-11T02:26:54.207476+00:00 sonic systemd[1]: Started hostcfgd.timer - Delays hostcfgd daemon until SONiC has started.
2025-02-11T02:26:54.207505+00:00 sonic systemd[1]: Started logrotate.timer - Daily rotation of log files.
2025-02-11T02:26:54.207510+00:00 sonic systemd[1]: Started ntpsec-rotate-stats.timer - Rotate ntpd stats daily.
2025-02-11T02:26:54.207514+00:00 sonic systemd[1]: Started rasdaemon.timer - Delays rasdaemon until SONiC has started.
2025-02-11T02:26:54.207518+00:00 sonic systemd[1]: Started sysstat-collect.timer - Run system activity accounting tool every 10 minutes.
2025-02-11T02:26:54.207522+00:00 sonic systemd[1]: Started sysstat-summary.timer - Generate summary of yesterday's process accounting.
2025-02-11T02:26:54.207529+00:00 sonic systemd[1]: Started systemd-tmpfiles-clean.timer - Daily Cleanup of Temporary Directories.
2025-02-11T02:26:54.207535+00:00 sonic systemd[1]: Listening on dbus.socket - D-Bus System Message Bus Socket.
2025-02-11T02:26:54.207540+00:00 sonic systemd[1]: Starting docker.socket - Docker Socket for the API...
2025-02-11T02:26:54.207546+00:00 sonic systemd[1]: Listening on uuidd.socket - UUID daemon activation socket.
2025-02-11T02:26:54.207570+00:00 sonic systemd[1]: systemd-pcrphase-sysinit.service - TPM2 PCR Barrier (Initialization) was skipped because of an unmet condition check (ConditionPathExists=/sys/firmware/efi/efivars/StubPcrKernelImage-4a67b082-0a4c-41cf-b6c7-440b29bb8c4f).
2025-02-11T02:26:54.207580+00:00 sonic systemd[1]: Listening on docker.socket - Docker Socket for the API.
2025-02-11T02:26:54.207589+00:00 sonic systemd[1]: Reached target sockets.target - Socket Units.
2025-02-11T02:26:54.207593+00:00 sonic systemd[1]: Finished networking.service - Network initialization.
2025-02-11T02:26:54.207597+00:00 sonic systemd[1]: Starting kdump-tools.service - Kernel crash dump capture service...
2025-02-11T02:26:54.207601+00:00 sonic kdump-tools[748]: Starting kdump-tools:
2025-02-11T02:26:54.207625+00:00 sonic kdump-tools[755]: no crashkernel= parameter in the kernel cmdline ... failed!
2025-02-11T02:26:54.207631+00:00 sonic systemd[1]: Finished kdump-tools.service - Kernel crash dump capture service.
2025-02-11T02:26:54.207642+00:00 sonic systemd[1]: Reached target basic.target - Basic System.
2025-02-11T02:26:54.207648+00:00 sonic systemd[1]: System is tainted: cgroupsv1
2025-02-11T02:26:54.207654+00:00 sonic systemd[1]: Starting containerd.service - containerd container runtime...
2025-02-11T02:26:54.207658+00:00 sonic systemd[1]: Started cron.service - Regular background program processing daemon.
2025-02-11T02:26:54.207677+00:00 sonic systemd[1]: Starting dbus.service - D-Bus System Message Bus...
2025-02-11T02:26:54.207681+00:00 sonic systemd[1]: Starting e2scrub_reap.service - Remove Stale Online ext4 Metadata Check Snapshots...
2025-02-11T02:26:54.207689+00:00 sonic systemd[1]: getty-static.service - getty on tty2-tty6 if dbus and logind are not available was skipped because of an unmet condition check (ConditionPathExists=!/usr/bin/dbus-daemon).
2025-02-11T02:26:54.207695+00:00 sonic systemd[1]: Starting kexec-load.service - LSB: Load kernel image with kexec...
2025-02-11T02:26:54.207707+00:00 sonic systemd[1]: Starting monit.service - LSB: service and resource monitoring daemon...
2025-02-11T02:26:54.207730+00:00 sonic systemd[1]: Started ntpsec-systemd-netif.service.
2025-02-11T02:26:54.207737+00:00 sonic systemd[1]: nvmefc-boot-connections.service - Auto-connect to subsystems on FC-NVME devices found during boot was skipped because of an unmet condition check (ConditionPathExists=/sys/class/fc/fc_udev_device/nvme_discovery).
2025-02-11T02:26:54.207755+00:00 sonic systemd[1]: Starting nvmf-autoconnect.service - Connect NVMe-oF subsystems automatically during boot...
2025-02-11T02:26:54.207781+00:00 sonic systemd[1]: Starting ras-mc-ctl.service - Initialize EDAC v3.0.0 Drivers For Machine Hardware...
2025-02-11T02:26:54.207787+00:00 sonic systemd[1]: Starting rc-local.service - /etc/rc.local Compatibility...
2025-02-11T02:26:54.207825+00:00 sonic systemd[1]: Starting rsyslog.service - System Logging Service...
2025-02-11T02:26:54.207833+00:00 sonic systemd[1]: smartmontools.service - Self Monitoring and Reporting Technology (SMART) Daemon was skipped because of an unmet condition check (ConditionVirtualization=no).
2025-02-11T02:26:54.207844+00:00 sonic rc.local[785]: + cat /etc/sonic/sonic_version.yml
2025-02-11T02:26:54.207873+00:00 sonic rc.local[786]: +
2025-02-11T02:26:54.207879+00:00 sonic systemd[1]: Starting ssh.service - OpenBSD Secure Shell server...
2025-02-11T02:26:54.207885+00:00 sonic rc.local[786]: grep build_version
2025-02-11T02:26:54.207909+00:00 sonic systemd[1]: Starting sysfsutils.service - LSB: Set sysfs variables from /etc/sysfs.conf...
2025-02-11T02:26:54.207914+00:00 sonic rc.local[787]: + sed -e s/build_version: //g;s/'//g
2025-02-11T02:26:54.207922+00:00 sonic systemd[1]: Starting sysstat.service - Resets System Activity Logs...
2025-02-11T02:26:54.207926+00:00 sonic root: SONiC version master.766266-3fe020a9c starting up...
2025-02-11T02:26:54.207929+00:00 sonic rc.local[782]: + SONIC_VERSION=master.766266-3fe020a9c
2025-02-11T02:26:54.207933+00:00 sonic rc.local[782]: + FIRST_BOOT_FILE=/host/image-master.766266-3fe020a9c/platform/firsttime
2025-02-11T02:26:54.207938+00:00 sonic rc.local[782]: + SONIC_CONFIG_DIR=/host/image-master.766266-3fe020a9c/sonic-config
2025-02-11T02:26:54.207942+00:00 sonic rc.local[782]: + SONIC_ENV_FILE=/host/image-master.766266-3fe020a9c/sonic-config/sonic-environment
2025-02-11T02:26:54.207962+00:00 sonic rc.local[782]: + [ -d /host/image-master.766266-3fe020a9c/sonic-config -a -f /host/image-master.766266-3fe020a9c/sonic-config/sonic-environment ]
2025-02-11T02:26:54.207967+00:00 sonic rc.local[782]: + logger SONiC version master.766266-3fe020a9c starting up...
2025-02-11T02:26:54.207971+00:00 sonic rc.local[782]: + grub_installation_needed=
2025-02-11T02:26:54.207974+00:00 sonic rc.local[782]: + [ ! -e /host/machine.conf ]
2025-02-11T02:26:54.207978+00:00 sonic rc.local[782]: + . /host/machine.conf
2025-02-11T02:26:54.207982+00:00 sonic rc.local[782]: + onie_arch=x86_64
2025-02-11T02:26:54.205153+00:00 sonic rc.local[782]: + onie_bin=
2025-02-11T02:26:54.208344+00:00 sonic rc.local[782]: + onie_boot_reason=install
2025-02-11T02:26:54.205171+00:00 sonic kernel: [    0.167959] ACPI: PM: (supports S0 S3 S4 S5)
2025-02-11T02:26:54.205171+00:00 sonic kernel: [    0.167961] ACPI: Using IOAPIC for interrupt routing
2025-02-11T02:26:54.205172+00:00 sonic kernel: [    0.167983] PCI: Using host bridge windows from ACPI; if necessary, use "pci=nocrs" and report a bug
2025-02-11T02:26:54.205172+00:00 sonic kernel: [    0.167984] PCI: Using E820 reservations for host bridge windows
2025-02-11T02:26:54.205173+00:00 sonic kernel: [    0.168159] ACPI: Enabled 2 GPEs in block 00 to 3F
2025-02-11T02:26:54.205173+00:00 sonic kernel: [    0.171411] ACPI: PCI Root Bridge [PCI0] (domain 0000 [bus 00-ff])
2025-02-11T02:26:54.205174+00:00 sonic augenrules[732]: enabled 1
2025-02-11T02:26:54.205180+00:00 sonic augenrules[732]: failure 1
2025-02-11T02:26:54.205185+00:00 sonic augenrules[732]: pid 713
2025-02-11T02:26:54.205213+00:00 sonic augenrules[732]: rate_limit 0
2025-02-11T02:26:54.205219+00:00 sonic augenrules[732]: backlog_limit 8192
2025-02-11T02:26:54.205225+00:00 sonic augenrules[732]: lost 0
2025-02-11T02:26:54.205230+00:00 sonic augenrules[732]: backlog 3
2025-02-11T02:26:54.205236+00:00 sonic augenrules[732]: backlog_wait_time 15000
2025-02-11T02:26:54.205241+00:00 sonic augenrules[732]: backlog_wait_time_actual 0
2025-02-11T02:26:54.206113+00:00 sonic kernel: [    0.171417] acpi PNP0A08:00: _OSC: OS supports [ExtendedConfig ASPM ClockPM Segments MSI HPX-Type3]
2025-02-11T02:26:54.206119+00:00 sonic kernel: [    0.171469] acpi PNP0A08:00: _OSC: platform does not support [PCIeHotplug LTR]
2025-02-11T02:26:54.206120+00:00 sonic kernel: [    0.171513] acpi PNP0A08:00: _OSC: OS now controls [SHPCHotplug PME AER PCIeCapability]
2025-02-11T02:26:54.206120+00:00 sonic kernel: [    0.171872] PCI host bridge to bus 0000:00
2025-02-11T02:26:54.206120+00:00 sonic kernel: [    0.171875] pci_bus 0000:00: root bus resource [io  0x0000-0x0cf7 window]
2025-02-11T02:26:54.206121+00:00 sonic kernel: [    0.171878] pci_bus 0000:00: root bus resource [io  0x0d00-0xffff window]
2025-02-11T02:26:54.206121+00:00 sonic kernel: [    0.171879] pci_bus 0000:00: root bus resource [mem 0x000a0000-0x000bffff window]
2025-02-11T02:26:54.205247+00:00 sonic augenrules[732]: enabled 1
2025-02-11T02:26:54.207176+00:00 sonic augenrules[732]: failure 1
2025-02-11T02:26:54.207200+00:00 sonic augenrules[732]: pid 713
2025-02-11T02:26:54.207204+00:00 sonic augenrules[732]: rate_limit 0
2025-02-11T02:26:54.207208+00:00 sonic augenrules[732]: backlog_limit 8192
2025-02-11T02:26:54.207213+00:00 sonic augenrules[732]: lost 0
2025-02-11T02:26:54.207216+00:00 sonic augenrules[732]: backlog 0
2025-02-11T02:26:54.207220+00:00 sonic augenrules[732]: backlog_wait_time 15000
2025-02-11T02:26:54.207244+00:00 sonic augenrules[732]: backlog_wait_time_actual 0
2025-02-11T02:26:54.207249+00:00 sonic augenrules[732]: enabled 1
2025-02-11T02:26:54.207269+00:00 sonic augenrules[732]: failure 1
2025-02-11T02:26:54.207275+00:00 sonic augenrules[732]: pid 713
2025-02-11T02:26:54.207281+00:00 sonic augenrules[732]: rate_limit 0
2025-02-11T02:26:54.207287+00:00 sonic augenrules[732]: backlog_limit 8192
2025-02-11T02:26:54.207297+00:00 sonic augenrules[732]: lost 0
2025-02-11T02:26:54.207322+00:00 sonic augenrules[732]: backlog 0
2025-02-11T02:26:54.207328+00:00 sonic augenrules[732]: backlog_wait_time 60000
2025-02-11T02:26:54.207339+00:00 sonic augenrules[732]: backlog_wait_time_actual 0
2025-02-11T02:26:54.207345+00:00 sonic systemd[1]: Started auditd.service - Security Auditing Service.
2025-02-11T02:26:54.207370+00:00 sonic systemd[1]: Starting systemd-update-utmp.service - Record System Boot/Shutdown in UTMP...
2025-02-11T02:26:54.207377+00:00 sonic systemd[1]: Finished systemd-update-utmp.service - Record System Boot/Shutdown in UTMP.
2025-02-11T02:26:54.207383+00:00 sonic systemd[1]: Reached target sysinit.target - System Initialization.
2025-02-11T02:26:54.207388+00:00 sonic systemd[1]: Started aaastatsd.timer - Delays aaastatsd daemon until SONiC has started.
2025-02-11T02:26:54.207399+00:00 sonic systemd[1]: Started apt-daily.timer - Daily apt download activities.
2025-02-11T02:26:54.207424+00:00 sonic systemd[1]: Started apt-daily-upgrade.timer - Daily apt upgrade and clean activities.
2025-02-11T02:26:54.207453+00:00 sonic systemd[1]: Started dpkg-db-backup.timer - Daily dpkg database backup timer.
2025-02-11T02:26:54.207461+00:00 sonic systemd[1]: Started e2scrub_all.timer - Periodic ext4 Online Metadata Check for All Filesystems.
2025-02-11T02:26:54.207466+00:00 sonic systemd[1]: Started featured.timer - Delays feature daemon until SONiC has started.
2025-02-11T02:26:54.207476+00:00 sonic systemd[1]: Started hostcfgd.timer - Delays hostcfgd daemon until SONiC has started.
2025-02-11T02:26:54.207505+00:00 sonic systemd[1]: Started logrotate.timer - Daily rotation of log files.
2025-02-11T02:26:54.207510+00:00 sonic systemd[1]: Started ntpsec-rotate-stats.timer - Rotate ntpd stats daily.
2025-02-11T02:26:54.207514+00:00 sonic systemd[1]: Started rasdaemon.timer - Delays rasdaemon until SONiC has started.
2025-02-11T02:26:54.207518+00:00 sonic systemd[1]: Started sysstat-collect.timer - Run system activity accounting tool every 10 minutes.
2025-02-11T02:26:54.207522+00:00 sonic systemd[1]: Started sysstat-summary.timer - Generate summary of yesterday's process accounting.
2025-02-11T02:26:54.207529+00:00 sonic systemd[1]: Started systemd-tmpfiles-clean.timer - Daily Cleanup of Temporary Directories.
2025-02-11T02:26:54.207535+00:00 sonic systemd[1]: Listening on dbus.socket - D-Bus System Message Bus Socket.
2025-02-11T02:26:54.207540+00:00 sonic systemd[1]: Starting docker.socket - Docker Socket for the API...
2025-02-11T02:26:54.207546+00:00 sonic systemd[1]: Listening on uuidd.socket - UUID daemon activation socket.
2025-02-11T02:26:54.207570+00:00 sonic systemd[1]: systemd-pcrphase-sysinit.service - TPM2 PCR Barrier (Initialization) was skipped because of an unmet condition check (ConditionPathExists=/sys/firmware/efi/efivars/StubPcrKernelImage-4a67b082-0a4c-41cf-b6c7-440b29bb8c4f).
2025-02-11T02:26:54.207580+00:00 sonic systemd[1]: Listening on docker.socket - Docker Socket for the API.
2025-02-11T02:26:54.207589+00:00 sonic systemd[1]: Reached target sockets.target - Socket Units.
2025-02-11T02:26:54.207593+00:00 sonic systemd[1]: Finished networking.service - Network initialization.
2025-02-11T02:26:54.207597+00:00 sonic systemd[1]: Starting kdump-tools.service - Kernel crash dump capture service...
2025-02-11T02:26:54.207601+00:00 sonic kdump-tools[748]: Starting kdump-tools:
2025-02-11T02:26:54.207625+00:00 sonic kdump-tools[755]: no crashkernel= parameter in the kernel cmdline ... failed!
2025-02-11T02:26:54.207631+00:00 sonic systemd[1]: Finished kdump-tools.service - Kernel crash dump capture service.
2025-02-11T02:26:54.207642+00:00 sonic systemd[1]: Reached target basic.target - Basic System.
2025-02-11T02:26:54.207648+00:00 sonic systemd[1]: System is tainted: cgroupsv1
2025-02-11T02:26:54.207654+00:00 sonic systemd[1]: Starting containerd.service - containerd container runtime...
2025-02-11T02:26:54.207658+00:00 sonic systemd[1]: Started cron.service - Regular background program processing daemon.
2025-02-11T02:26:54.207677+00:00 sonic systemd[1]: Starting dbus.service - D-Bus System Message Bus...
2025-02-11T02:26:54.207681+00:00 sonic systemd[1]: Starting e2scrub_reap.service - Remove Stale Online ext4 Metadata Check Snapshots...
2025-02-11T02:26:54.207689+00:00 sonic systemd[1]: getty-static.service - getty on tty2-tty6 if dbus and logind are not available was skipped because of an unmet condition check (ConditionPathExists=!/usr/bin/dbus-daemon).
2025-02-11T02:26:54.207695+00:00 sonic systemd[1]: Starting kexec-load.service - LSB: Load kernel image with kexec...
2025-02-11T02:26:54.207701+00:00 sonic cron[768]: (CRON) INFO (pidfile fd = 3)
2025-02-11T02:26:54.207707+00:00 sonic systemd[1]: Starting monit.service - LSB: service and resource monitoring daemon...
2025-02-11T02:26:54.207730+00:00 sonic systemd[1]: Started ntpsec-systemd-netif.service.
2025-02-11T02:26:54.207737+00:00 sonic systemd[1]: nvmefc-boot-connections.service - Auto-connect to subsystems on FC-NVME devices found during boot was skipped because of an unmet condition check (ConditionPathExists=/sys/class/fc/fc_udev_device/nvme_discovery).
2025-02-11T02:26:54.207749+00:00 sonic cron[768]: (CRON) INFO (Running @reboot jobs)
2025-02-11T02:26:54.207755+00:00 sonic systemd[1]: Starting nvmf-autoconnect.service - Connect NVMe-oF subsystems automatically during boot...
2025-02-11T02:26:54.207781+00:00 sonic systemd[1]: Starting ras-mc-ctl.service - Initialize EDAC v3.0.0 Drivers For Machine Hardware...
2025-02-11T02:26:54.207787+00:00 sonic systemd[1]: Starting rc-local.service - /etc/rc.local Compatibility...
2025-02-11T02:26:54.207825+00:00 sonic systemd[1]: Starting rsyslog.service - System Logging Service...
2025-02-11T02:26:54.207833+00:00 sonic systemd[1]: smartmontools.service - Self Monitoring and Reporting Technology (SMART) Daemon was skipped because of an unmet condition check (ConditionVirtualization=no).
2025-02-11T02:26:54.207844+00:00 sonic rc.local[785]: + cat /etc/sonic/sonic_version.yml
2025-02-11T02:26:54.207873+00:00 sonic rc.local[786]: +
2025-02-11T02:26:54.207879+00:00 sonic systemd[1]: Starting ssh.service - OpenBSD Secure Shell server...
2025-02-11T02:26:54.207885+00:00 sonic rc.local[786]: grep build_version
2025-02-11T02:26:54.207909+00:00 sonic systemd[1]: Starting sysfsutils.service - LSB: Set sysfs variables from /etc/sysfs.conf...
2025-02-11T02:26:54.207914+00:00 sonic rc.local[787]: + sed -e s/build_version: //g;s/'//g
2025-02-11T02:26:54.207922+00:00 sonic systemd[1]: Starting sysstat.service - Resets System Activity Logs...
2025-02-11T02:26:54.207926+00:00 sonic root: SONiC version master.766266-3fe020a9c starting up...
2025-02-11T02:26:54.207929+00:00 sonic rc.local[782]: + SONIC_VERSION=master.766266-3fe020a9c
2025-02-11T02:26:54.207933+00:00 sonic rc.local[782]: + FIRST_BOOT_FILE=/host/image-master.766266-3fe020a9c/platform/firsttime
2025-02-11T02:26:54.207938+00:00 sonic rc.local[782]: + SONIC_CONFIG_DIR=/host/image-master.766266-3fe020a9c/sonic-config
2025-02-11T02:26:54.207942+00:00 sonic rc.local[782]: + SONIC_ENV_FILE=/host/image-master.766266-3fe020a9c/sonic-config/sonic-environment
2025-02-11T02:26:54.207962+00:00 sonic rc.local[782]: + [ -d /host/image-master.766266-3fe020a9c/sonic-config -a -f /host/image-master.766266-3fe020a9c/sonic-config/sonic-environment ]
2025-02-11T02:26:54.207967+00:00 sonic rc.local[782]: + logger SONiC version master.766266-3fe020a9c starting up...
2025-02-11T02:26:54.207971+00:00 sonic rc.local[782]: + grub_installation_needed=
2025-02-11T02:26:54.207974+00:00 sonic rc.local[782]: + [ ! -e /host/machine.conf ]
2025-02-11T02:26:54.207978+00:00 sonic rc.local[782]: + . /host/machine.conf
2025-02-11T02:26:54.207982+00:00 sonic rc.local[782]: + onie_arch=x86_64
2025-02-11T02:26:54.205153+00:00 sonic rc.local[782]: + onie_bin=
2025-02-11T02:26:54.208344+00:00 sonic rc.local[782]: + onie_boot_reason=install
2025-02-11T02:26:54.210150+00:00 sonic kernel: [    0.171880] pci_bus 0000:00: root bus resource [mem 0x80000000-0xafffffff window]
2025-02-11T02:26:54.210150+00:00 sonic kernel: [    0.171880] pci_bus 0000:00: root bus resource [mem 0x80000000-0xafffffff window]
2025-02-11T02:26:54.210191+00:00 sonic kernel: [    0.171882] pci_bus 0000:00: root bus resource [mem 0xc0000000-0xfebfffff window]
2025-02-11T02:26:54.210191+00:00 sonic kernel: [    0.171882] pci_bus 0000:00: root bus resource [mem 0xc0000000-0xfebfffff window]
2025-02-11T02:26:54.210217+00:00 sonic kernel: [    0.171883] pci_bus 0000:00: root bus resource [mem 0x280000000-0xa7fffffff window]
2025-02-11T02:26:54.210217+00:00 sonic kernel: [    0.171883] pci_bus 0000:00: root bus resource [mem 0x280000000-0xa7fffffff window]
2025-02-11T02:26:54.210239+00:00 sonic kernel: [    0.171885] pci_bus 0000:00: root bus resource [bus 00-ff]
2025-02-11T02:26:54.210239+00:00 sonic kernel: [    0.171885] pci_bus 0000:00: root bus resource [bus 00-ff]
2025-02-11T02:26:54.210261+00:00 sonic kernel: [    0.172024] pci 0000:00:00.0: [8086:29c0] type 00 class 0x060000
2025-02-11T02:26:54.210261+00:00 sonic kernel: [    0.172024] pci 0000:00:00.0: [8086:29c0] type 00 class 0x060000
2025-02-11T02:26:54.210282+00:00 sonic kernel: [    0.173562] pci 0000:00:01.0: [1b36:000c] type 01 class 0x060400
2025-02-11T02:26:54.210282+00:00 sonic kernel: [    0.173562] pci 0000:00:01.0: [1b36:000c] type 01 class 0x060400
2025-02-11T02:26:54.210303+00:00 sonic kernel: [    0.178117] pci 0000:00:01.0: reg 0x10: [mem 0xfe200000-0xfe200fff]
2025-02-11T02:26:54.210303+00:00 sonic kernel: [    0.178117] pci 0000:00:01.0: reg 0x10: [mem 0xfe200000-0xfe200fff]
2025-02-11T02:26:54.210324+00:00 sonic kernel: [    0.189531] pci 0000:00:01.1: [1b36:000c] type 01 class 0x060400
2025-02-11T02:26:54.210324+00:00 sonic kernel: [    0.189531] pci 0000:00:01.1: [1b36:000c] type 01 class 0x060400
2025-02-11T02:26:54.210346+00:00 sonic kernel: [    0.192415] pci 0000:00:01.1: reg 0x10: [mem 0xfe201000-0xfe201fff]
2025-02-11T02:26:54.210346+00:00 sonic kernel: [    0.192415] pci 0000:00:01.1: reg 0x10: [mem 0xfe201000-0xfe201fff]
2025-02-11T02:26:54.210367+00:00 sonic kernel: [    0.200489] pci 0000:00:01.2: [1b36:000c] type 01 class 0x060400
2025-02-11T02:26:54.210367+00:00 sonic kernel: [    0.200489] pci 0000:00:01.2: [1b36:000c] type 01 class 0x060400
2025-02-11T02:26:54.210388+00:00 sonic kernel: [    0.201982] pci 0000:00:01.2: reg 0x10: [mem 0xfe202000-0xfe202fff]
2025-02-11T02:26:54.210388+00:00 sonic kernel: [    0.201982] pci 0000:00:01.2: reg 0x10: [mem 0xfe202000-0xfe202fff]
2025-02-11T02:26:54.210409+00:00 sonic kernel: [    0.207712] pci 0000:00:04.0: [1af4:1002] type 00 class 0x00ff00
2025-02-11T02:26:54.210409+00:00 sonic kernel: [    0.207712] pci 0000:00:04.0: [1af4:1002] type 00 class 0x00ff00
2025-02-11T02:26:54.210434+00:00 sonic kernel: [    0.208748] pci 0000:00:04.0: reg 0x10: [io  0xd000-0xd03f]
2025-02-11T02:26:54.210434+00:00 sonic kernel: [    0.208748] pci 0000:00:04.0: reg 0x10: [io  0xd000-0xd03f]
2025-02-11T02:26:54.210467+00:00 sonic kernel: [    0.212311] pci 0000:00:04.0: reg 0x20: [mem 0xfea00000-0xfea03fff 64bit pref]
2025-02-11T02:26:54.210467+00:00 sonic kernel: [    0.212311] pci 0000:00:04.0: reg 0x20: [mem 0xfea00000-0xfea03fff 64bit pref]
2025-02-11T02:26:54.210501+00:00 sonic kernel: [    0.216136] pci 0000:00:1f.0: [8086:2918] type 00 class 0x060100
2025-02-11T02:26:54.210501+00:00 sonic kernel: [    0.216136] pci 0000:00:1f.0: [8086:2918] type 00 class 0x060100
2025-02-11T02:26:54.210533+00:00 sonic kernel: [    0.218269] pci 0000:00:1f.0: quirk: [io  0x0600-0x067f] claimed by ICH6 ACPI/GPIO/TCO
2025-02-11T02:26:54.210533+00:00 sonic kernel: [    0.218269] pci 0000:00:1f.0: quirk: [io  0x0600-0x067f] claimed by ICH6 ACPI/GPIO/TCO
2025-02-11T02:26:54.210564+00:00 sonic kernel: [    0.218953] pci 0000:00:1f.2: [8086:2922] type 00 class 0x010601
2025-02-11T02:26:54.210564+00:00 sonic kernel: [    0.218953] pci 0000:00:1f.2: [8086:2922] type 00 class 0x010601
2025-02-11T02:26:54.210593+00:00 sonic kernel: [    0.223050] pci 0000:00:1f.2: reg 0x20: [io  0xd080-0xd09f]
2025-02-11T02:26:54.210593+00:00 sonic kernel: [    0.223050] pci 0000:00:1f.2: reg 0x20: [io  0xd080-0xd09f]
2025-02-11T02:26:54.210615+00:00 sonic kernel: [    0.224152] pci 0000:00:1f.2: reg 0x24: [mem 0xfe203000-0xfe203fff]
2025-02-11T02:26:54.210615+00:00 sonic kernel: [    0.224152] pci 0000:00:1f.2: reg 0x24: [mem 0xfe203000-0xfe203fff]
2025-02-11T02:26:54.210636+00:00 sonic kernel: [    0.226733] pci 0000:00:1f.3: [8086:2930] type 00 class 0x0c0500
2025-02-11T02:26:54.210636+00:00 sonic kernel: [    0.226733] pci 0000:00:1f.3: [8086:2930] type 00 class 0x0c0500
2025-02-11T02:26:54.210657+00:00 sonic kernel: [    0.230133] pci 0000:00:1f.3: reg 0x20: [io  0x0700-0x073f]
2025-02-11T02:26:54.210657+00:00 sonic kernel: [    0.230133] pci 0000:00:1f.3: reg 0x20: [io  0x0700-0x073f]
2025-02-11T02:26:54.210678+00:00 sonic kernel: [    0.232647] pci 0000:01:00.0: [1b36:000e] type 01 class 0x060400
2025-02-11T02:26:54.210678+00:00 sonic kernel: [    0.232647] pci 0000:01:00.0: [1b36:000e] type 01 class 0x060400
2025-02-11T02:26:54.210699+00:00 sonic kernel: [    0.236734] pci 0000:01:00.0: reg 0x10: [mem 0xfdc00000-0xfdc000ff 64bit]
2025-02-11T02:26:54.210699+00:00 sonic kernel: [    0.236734] pci 0000:01:00.0: reg 0x10: [mem 0xfdc00000-0xfdc000ff 64bit]
2025-02-11T02:26:54.210720+00:00 sonic kernel: [    0.244270] pci 0000:00:01.0: PCI bridge to [bus 01-02]
2025-02-11T02:26:54.210720+00:00 sonic kernel: [    0.244270] pci 0000:00:01.0: PCI bridge to [bus 01-02]
2025-02-11T02:26:54.210741+00:00 sonic kernel: [    0.244325] pci 0000:00:01.0:   bridge window [io  0xc000-0xcfff]
2025-02-11T02:26:54.210741+00:00 sonic kernel: [    0.244325] pci 0000:00:01.0:   bridge window [io  0xc000-0xcfff]
2025-02-11T02:26:54.210763+00:00 sonic kernel: [    0.244377] pci 0000:00:01.0:   bridge window [mem 0xfd600000-0xfddfffff]
2025-02-11T02:26:54.210763+00:00 sonic kernel: [    0.244377] pci 0000:00:01.0:   bridge window [mem 0xfd600000-0xfddfffff]
2025-02-11T02:26:54.210784+00:00 sonic kernel: [    0.244479] pci 0000:00:01.0:   bridge window [mem 0xfe800000-0xfe9fffff 64bit pref]
2025-02-11T02:26:54.210784+00:00 sonic kernel: [    0.244479] pci 0000:00:01.0:   bridge window [mem 0xfe800000-0xfe9fffff 64bit pref]
2025-02-11T02:26:54.210805+00:00 sonic kernel: [    0.245431] pci_bus 0000:02: extended config space not accessible
2025-02-11T02:26:54.210805+00:00 sonic kernel: [    0.245431] pci_bus 0000:02: extended config space not accessible
2025-02-11T02:26:54.210826+00:00 sonic kernel: [    0.245596] acpiphp: Slot [0] registered
2025-02-11T02:26:54.210826+00:00 sonic kernel: [    0.245596] acpiphp: Slot [0] registered
2025-02-11T02:26:54.210848+00:00 sonic kernel: [    0.245632] acpiphp: Slot [1] registered
2025-02-11T02:26:54.210848+00:00 sonic kernel: [    0.245632] acpiphp: Slot [1] registered
2025-02-11T02:26:54.210900+00:00 sonic kernel: [    0.245673] acpiphp: Slot [2] registered
2025-02-11T02:26:54.210900+00:00 sonic kernel: [    0.245673] acpiphp: Slot [2] registered
2025-02-11T02:26:54.210922+00:00 sonic kernel: [    0.245707] acpiphp: Slot [3] registered
2025-02-11T02:26:54.210922+00:00 sonic kernel: [    0.245707] acpiphp: Slot [3] registered
2025-02-11T02:26:54.210943+00:00 sonic kernel: [    0.246064] acpiphp: Slot [4] registered
2025-02-11T02:26:54.210943+00:00 sonic kernel: [    0.246064] acpiphp: Slot [4] registered
2025-02-11T02:26:54.210964+00:00 sonic kernel: [    0.246098] acpiphp: Slot [5] registered
2025-02-11T02:26:54.210964+00:00 sonic kernel: [    0.246098] acpiphp: Slot [5] registered
2025-02-11T02:26:54.210985+00:00 sonic kernel: [    0.246120] acpiphp: Slot [6] registered
2025-02-11T02:26:54.210985+00:00 sonic kernel: [    0.246120] acpiphp: Slot [6] registered
2025-02-11T02:26:54.211007+00:00 sonic kernel: [    0.246154] acpiphp: Slot [7] registered
2025-02-11T02:26:54.211007+00:00 sonic kernel: [    0.246154] acpiphp: Slot [7] registered
2025-02-11T02:26:54.211030+00:00 sonic kernel: [    0.246187] acpiphp: Slot [8] registered
2025-02-11T02:26:54.211030+00:00 sonic kernel: [    0.246187] acpiphp: Slot [8] registered
2025-02-11T02:26:54.211058+00:00 sonic kernel: [    0.246220] acpiphp: Slot [9] registered
2025-02-11T02:26:54.211058+00:00 sonic kernel: [    0.246220] acpiphp: Slot [9] registered
2025-02-11T02:26:54.211080+00:00 sonic kernel: [    0.246252] acpiphp: Slot [10] registered
2025-02-11T02:26:54.211080+00:00 sonic kernel: [    0.246252] acpiphp: Slot [10] registered
2025-02-11T02:26:54.211107+00:00 sonic kernel: [    0.246286] acpiphp: Slot [11] registered
2025-02-11T02:26:54.211107+00:00 sonic kernel: [    0.246286] acpiphp: Slot [11] registered
2025-02-11T02:26:54.211133+00:00 sonic kernel: [    0.246320] acpiphp: Slot [12] registered
2025-02-11T02:26:54.211133+00:00 sonic kernel: [    0.246320] acpiphp: Slot [12] registered
2025-02-11T02:26:54.211155+00:00 sonic kernel: [    0.246353] acpiphp: Slot [13] registered
2025-02-11T02:26:54.211155+00:00 sonic kernel: [    0.246353] acpiphp: Slot [13] registered
2025-02-11T02:26:54.211176+00:00 sonic kernel: [    0.246385] acpiphp: Slot [14] registered
2025-02-11T02:26:54.211176+00:00 sonic kernel: [    0.246385] acpiphp: Slot [14] registered
2025-02-11T02:26:54.211197+00:00 sonic kernel: [    0.246418] acpiphp: Slot [15] registered
2025-02-11T02:26:54.211197+00:00 sonic kernel: [    0.246418] acpiphp: Slot [15] registered
2025-02-11T02:26:54.211218+00:00 sonic kernel: [    0.246451] acpiphp: Slot [16] registered
2025-02-11T02:26:54.211218+00:00 sonic kernel: [    0.246451] acpiphp: Slot [16] registered
